Oct 15 07:43:15 nirgal anacron[17663]: Job `cron.daily' terminated
Oct 15 07:43:15 nirgal anacron[17663]: Normal exit (1 job run)
Oct 15 08:09:01 nirgal CRON[18581]: (root) CMD (  [ -x /usr/lib/php5/maxlifetime ] && [ -x /usr/lib/php5/sessionclean ] && [ -d /var/lib/php5 ] && /usr/lib/php5/sessionclean /var/lib/php5 $(/usr/lib/php5/maxlifetime))
Oct 15 08:17:01 nirgal CRON[18820]: (root) CMD (   cd / && run-parts --report /etc/cron.hourly)
Oct 15 08:39:01 nirgal CRON[19618]: (root) CMD (  [ -x /usr/lib/php5/maxlifetime ] && [ -x /usr/lib/php5/sessionclean ] && [ -d /var/lib/php5 ] && /usr/lib/php5/sessionclean /var/lib/php5 $(/usr/lib/php5/maxlifetime))
Oct 15 08:54:05 nirgal colord: device removed: xrandr-Dell-DELL 1908FP-FP1827AFRGJ8
Oct 15 08:54:05 nirgal colord: device removed: xrandr-Dell-DELL 1908FP-FP18277HAC2H
Oct 15 08:54:05 nirgal colord: Profile removed: icc-bdda5b8cf00e2c22fc03afbe1c100a49
Oct 15 08:54:05 nirgal colord: Profile removed: icc-09f146a67361d0173bfb68fa1d8c8e3b
Oct 15 08:54:05 nirgal colord: Profile removed: icc-bac1283eeafab4b99673e4445f88300f
Oct 15 08:54:05 nirgal colord: Profile removed: icc-40079aaf6e7e60b8dbbf4031565f403c
Oct 15 08:54:06 nirgal gnome-session[2074]: CRITICAL: gsm_manager_set_phase: assertion `GSM_IS_MANAGER (manager)' failed
Oct 15 08:54:06 nirgal gnome-session[2074]: Gtk-CRITICAL: gtk_main_quit: assertion `main_loops != NULL' failed
Oct 15 08:54:58 nirgal kernel: imklog 5.8.11, log source = /proc/kmsg started.
Oct 15 08:54:58 nirgal rsyslogd: [origin software="rsyslogd" swVersion="5.8.11" x-pid="763" x-info="http://www.rsyslog.com"] start
Oct 15 08:54:58 nirgal rsyslogd: rsyslogd's groupid changed to 103
Oct 15 08:54:58 nirgal rsyslogd: rsyslogd's userid changed to 101
Oct 15 08:54:58 nirgal rsyslogd-2039: Could not open output pipe '/dev/xconsole' [try http://www.rsyslog.com/e/2039 ]
Oct 15 08:54:58 nirgal kernel: [    0.000000] Initializing cgroup subsys cpuset
Oct 15 08:54:58 nirgal kernel: [    0.000000] Initializing cgroup subsys cpu
Oct 15 08:54:58 nirgal kernel: [    0.000000] Linux version 3.8.0-31-generic (buildd@aatxe) (gcc version 4.7.3 (Ubuntu/Linaro 4.7.3-1ubuntu1) ) #46-Ubuntu SMP Tue Sep 10 19:56:49 UTC 2013 (Ubuntu 3.8.0-31.46-generic 3.8.13.8)
Oct 15 08:54:58 nirgal kernel: [    0.000000] KERNEL supported cpus:
Oct 15 08:54:58 nirgal kernel: [    0.000000]   Intel GenuineIntel
Oct 15 08:54:58 nirgal kernel: [    0.000000]   AMD AuthenticAMD
Oct 15 08:54:58 nirgal kernel: [    0.000000]   NSC Geode by NSC
Oct 15 08:54:58 nirgal kernel: [    0.000000]   Cyrix CyrixInstead
Oct 15 08:54:58 nirgal kernel: [    0.000000]   Centaur CentaurHauls
Oct 15 08:54:58 nirgal kernel: [    0.000000]   Transmeta GenuineTMx86
Oct 15 08:54:58 nirgal kernel: [    0.000000]   Transmeta TransmetaCPU
Oct 15 08:54:58 nirgal kernel: [    0.000000]   UMC UMC UMC UMC
Oct 01 01:01:01 nirgal kernel: [   30.931056] restarting
Oct 15 08:54:58 nirgal kernel: [    0.000000] e820: BIOS-provided physical RAM map:
Oct 15 08:54:58 nirgal kernel: [    0.000000] BIOS-e820: [mem 0x0000000000000000-0x000000000009abff] usable
Oct 15 08:54:58 nirgal kernel: [    0.000000] BIOS-e820: [mem 0x000000000009ac00-0x000000000009ffff] reserved
Oct 15 08:54:58 nirgal kernel: [    0.000000] BIOS-e820: [mem 0x00000000000e0000-0x00000000000fffff] reserved
Oct 15 08:54:58 nirgal kernel: [    0.000000] BIOS-e820: [mem 0x0000000000100000-0x000000001fffffff] usable
Oct 15 08:54:58 nirgal kernel: [    0.000000] BIOS-e820: [mem 0x0000000020000000-0x00000000201fffff] reserved
Oct 15 08:54:58 nirgal kernel: [    0.000000] BIOS-e820: [mem 0x0000000020200000-0x000000003fffffff] usable
Oct 15 08:54:58 nirgal kernel: [    0.000000] BIOS-e820: [mem 0x0000000040000000-0x00000000401fffff] reserved
Oct 15 08:54:58 nirgal kernel: [    0.000000] BIOS-e820: [mem 0x0000000040200000-0x00000000ca9f9fff] usable
Oct 15 08:54:58 nirgal kernel: [    0.000000] BIOS-e820: [mem 0x00000000ca9fa000-0x00000000caa3dfff] reserved
Oct 15 08:54:58 nirgal kernel: [    0.000000] BIOS-e820: [mem 0x00000000caa3e000-0x00000000cadb6fff] usable
Oct 15 08:54:58 nirgal kernel: [    0.000000] BIOS-e820: [mem 0x00000000cadb7000-0x00000000cade6fff] reserved
Oct 15 08:54:58 nirgal kernel: [    0.000000] BIOS-e820: [mem 0x00000000cade7000-0x00000000cafe6fff] ACPI NVS
Oct 15 08:54:58 nirgal kernel: [    0.000000] BIOS-e820: [mem 0x00000000cafe7000-0x00000000caffefff] ACPI data
Oct 15 08:54:58 nirgal kernel: [    0.000000] BIOS-e820: [mem 0x00000000cafff000-0x00000000caffffff] usable
Oct 15 08:54:58 nirgal kernel: [    0.000000] BIOS-e820: [mem 0x00000000cb800000-0x00000000cf9fffff] reserved
Oct 15 08:54:58 nirgal kernel: [    0.000000] BIOS-e820: [mem 0x00000000fed1c000-0x00000000fed1ffff] reserved
Oct 15 08:54:58 nirgal kernel: [    0.000000] BIOS-e820: [mem 0x00000000ffc00000-0x00000000ffc1ffff] reserved
Oct 15 08:54:58 nirgal kernel: [    0.000000] BIOS-e820: [mem 0x0000000100000000-0x000000012dffffff] usable
Oct 15 08:54:58 nirgal kernel: [    0.000000] NX (Execute Disable) protection: active
Oct 15 08:54:58 nirgal kernel: [    0.000000] SMBIOS 2.6 present.
Oct 15 08:54:58 nirgal kernel: [    0.000000] DMI: Dell Inc. OptiPlex 790/0HY9JP, BIOS A07 09/10/2011
Oct 15 08:54:58 nirgal kernel: [    0.000000] e820: update [mem 0x00000000-0x0000ffff] usable ==> reserved
Oct 15 08:54:58 nirgal kernel: [    0.000000] e820: remove [mem 0x000a0000-0x000fffff] usable
Oct 15 08:54:58 nirgal kernel: [    0.000000] e820: last_pfn = 0x12e000 max_arch_pfn = 0x1000000
Oct 15 08:54:58 nirgal kernel: [    0.000000] MTRR default type: uncachable
Oct 15 08:54:58 nirgal kernel: [    0.000000] MTRR fixed ranges enabled:
Oct 15 08:54:58 nirgal kernel: [    0.000000]   00000-9FFFF write-back
Oct 15 08:54:58 nirgal kernel: [    0.000000]   A0000-BFFFF uncachable
Oct 15 08:54:58 nirgal kernel: [    0.000000]   C0000-FFFFF write-protect
Oct 15 08:54:58 nirgal kernel: [    0.000000] MTRR variable ranges enabled:
Oct 15 08:54:58 nirgal kernel: [    0.000000]   0 base 000000000 mask F80000000 write-back
Oct 15 08:54:58 nirgal kernel: [    0.000000]   1 base 080000000 mask FC0000000 write-back
Oct 15 08:54:58 nirgal kernel: [    0.000000]   2 base 0C0000000 mask FF8000000 write-back
Oct 15 08:54:58 nirgal kernel: [    0.000000]   3 base 0C8000000 mask FFC000000 write-back
Oct 15 08:54:58 nirgal kernel: [    0.000000]   4 base 0CB000000 mask FFF000000 uncachable
Oct 15 08:54:58 nirgal kernel: [    0.000000]   5 base 100000000 mask FE0000000 write-back
Oct 15 08:54:58 nirgal kernel: [    0.000000]   6 base 120000000 mask FF0000000 write-back
Oct 15 08:54:58 nirgal kernel: [    0.000000]   7 base 12E000000 mask FFE000000 uncachable
Oct 15 08:54:58 nirgal kernel: [    0.000000]   8 disabled
Oct 15 08:54:58 nirgal kernel: [    0.000000]   9 disabled
Oct 15 08:54:58 nirgal kernel: [    0.000000] x86 PAT enabled: cpu 0, old 0x7040600070406, new 0x7010600070106
Oct 15 08:54:58 nirgal kernel: [    0.000000] original variable MTRRs
Oct 15 08:54:58 nirgal kernel: [    0.000000] reg 0, base: 0GB, range: 2GB, type WB
Oct 15 08:54:58 nirgal kernel: [    0.000000] reg 1, base: 2GB, range: 1GB, type WB
Oct 15 08:54:58 nirgal kernel: [    0.000000] reg 2, base: 3GB, range: 128MB, type WB
Oct 15 08:54:58 nirgal kernel: [    0.000000] reg 3, base: 3200MB, range: 64MB, type WB
Oct 15 08:54:58 nirgal kernel: [    0.000000] reg 4, base: 3248MB, range: 16MB, type UC
Oct 15 08:54:58 nirgal kernel: [    0.000000] reg 5, base: 4GB, range: 512MB, type WB
Oct 15 08:54:58 nirgal kernel: [    0.000000] reg 6, base: 4608MB, range: 256MB, type WB
Oct 15 08:54:58 nirgal kernel: [    0.000000] reg 7, base: 4832MB, range: 32MB, type UC
Oct 15 08:54:58 nirgal kernel: [    0.000000] total RAM covered: 3984M
Oct 15 08:54:58 nirgal kernel: [    0.000000] Found optimal setting for mtrr clean up
Oct 15 08:54:58 nirgal kernel: [    0.000000]  gran_size: 64K 	chunk_size: 64M 	num_reg: 8  	lose cover RAM: 0G
Oct 15 08:54:58 nirgal kernel: [    0.000000] New variable MTRRs
Oct 15 08:54:58 nirgal kernel: [    0.000000] reg 0, base: 0GB, range: 2GB, type WB
Oct 15 08:54:58 nirgal kernel: [    0.000000] reg 1, base: 2GB, range: 1GB, type WB
Oct 15 08:54:58 nirgal kernel: [    0.000000] reg 2, base: 3GB, range: 128MB, type WB
Oct 15 08:54:58 nirgal kernel: [    0.000000] reg 3, base: 3200MB, range: 64MB, type WB
Oct 15 08:54:58 nirgal kernel: [    0.000000] reg 4, base: 3248MB, range: 16MB, type UC
Oct 15 08:54:58 nirgal kernel: [    0.000000] reg 5, base: 4GB, range: 512MB, type WB
Oct 15 08:54:58 nirgal kernel: [    0.000000] reg 6, base: 4608MB, range: 256MB, type WB
Oct 15 08:54:58 nirgal kernel: [    0.000000] reg 7, base: 4832MB, range: 32MB, type UC
Oct 15 08:54:58 nirgal kernel: [    0.000000] e820: update [mem 0xcb000000-0xffffffff] usable ==> reserved
Oct 15 08:54:58 nirgal kernel: [    0.000000] found SMP MP-table at [mem 0x000f1f40-0x000f1f4f] mapped at [c00f1f40]
Oct 15 08:54:58 nirgal kernel: [    0.000000] initial memory mapped: [mem 0x00000000-0x01ffffff]
Oct 15 08:54:58 nirgal kernel: [    0.000000] Base memory trampoline at [c0096000] 96000 size 16384
Oct 15 08:54:58 nirgal kernel: [    0.000000] reserving inaccessible SNB gfx pages
Oct 15 08:54:58 nirgal kernel: [    0.000000] init_memory_mapping: [mem 0x00000000-0x37bfdfff]
Oct 15 08:54:58 nirgal kernel: [    0.000000]  [mem 0x00000000-0x001fffff] page 4k
Oct 15 08:54:58 nirgal kernel: [    0.000000]  [mem 0x00200000-0x379fffff] page 2M
Oct 15 08:54:58 nirgal kernel: [    0.000000]  [mem 0x37a00000-0x37bfdfff] page 4k
Oct 15 08:54:58 nirgal kernel: [    0.000000] kernel direct mapping tables up to 0x37bfdfff @ [mem 0x01ffa000-0x01ffffff]
Oct 15 08:54:58 nirgal kernel: [    0.000000] RAMDISK: [mem 0x3459e000-0x362c6fff]
Oct 15 08:54:58 nirgal kernel: [    0.000000] ACPI: RSDP 000fe300 00024 (v02 DELL  )
Oct 15 08:54:58 nirgal kernel: [    0.000000] ACPI: XSDT caffde18 0007C (v01 DELL    CBX3    06222004 MSFT 00010013)
Oct 15 08:54:58 nirgal kernel: [    0.000000] ACPI: FACP caf87d98 000F4 (v04 DELL    CBX3    06222004 MSFT 00010013)
Oct 15 08:54:58 nirgal kernel: [    0.000000] ACPI Warning: 32/64 FACS address mismatch in FADT - two FACS tables! (20121018/tbfadt-394)
Oct 15 08:54:58 nirgal kernel: [    0.000000] ACPI BIOS Bug: Warning: 32/64X FACS address mismatch in FADT - 0xCAFE4E40/0x00000000CAFE4D40, using 32 (20121018/tbfadt-521)
Oct 15 08:54:58 nirgal kernel: [    0.000000] ACPI: DSDT caf71018 07341 (v02 INT430 SYSFexxx 00001001 INTL 20090903)
Oct 15 08:54:58 nirgal kernel: [    0.000000] ACPI: FACS cafe4e40 00040
Oct 15 08:54:58 nirgal kernel: [    0.000000] ACPI: APIC caffcf18 000CC (v02 DELL    CBX3    06222004 MSFT 00010013)
Oct 15 08:54:58 nirgal kernel: [    0.000000] ACPI: TCPA cafe5d18 00032 (v02                 00000000      00000000)
Oct 15 08:54:58 nirgal kernel: [    0.000000] ACPI: SSDT caf88a98 002F9 (v01 DELLTP      TPM 00003000 INTL 20090903)
Oct 15 08:54:58 nirgal kernel: [    0.000000] ACPI: MCFG cafe5c98 0003C (v01 DELL   SNDYBRDG 06222004 MSFT 00000097)
Oct 15 08:54:58 nirgal kernel: [    0.000000] ACPI: HPET cafe5c18 00038 (v01 A M I   PCHHPET 06222004 AMI. 00000003)
Oct 15 08:54:58 nirgal kernel: [    0.000000] ACPI: BOOT cafe5b98 00028 (v01 DELL   CBX3     06222004 AMI  00010013)
Oct 15 08:54:58 nirgal kernel: [    0.000000] ACPI: SSDT caf7e818 007C2 (v01  PmRef  Cpu0Ist 00003000 INTL 20090903)
Oct 15 08:54:58 nirgal kernel: [    0.000000] ACPI: SSDT caf7d018 00996 (v01  PmRef    CpuPm 00003000 INTL 20090903)
Oct 15 08:54:58 nirgal kernel: [    0.000000] ACPI: DMAR caf87c18 000E8 (v01 INTEL      SNB  00000001 INTL 00000001)
Oct 15 08:54:58 nirgal kernel: [    0.000000] ACPI: SLIC caf86c18 00176 (v03 DELL    CBX3    06222004 MSFT 00010013)
Oct 15 08:54:58 nirgal kernel: [    0.000000] ACPI: Local APIC address 0xfee00000
Oct 15 08:54:58 nirgal kernel: [    0.000000] 3940MB HIGHMEM available.
Oct 15 08:54:58 nirgal kernel: [    0.000000] 891MB LOWMEM available.
Oct 15 08:54:58 nirgal kernel: [    0.000000]   mapped low ram: 0 - 37bfe000
Oct 15 08:54:58 nirgal kernel: [    0.000000]   low ram: 0 - 37bfe000
Oct 15 08:54:58 nirgal kernel: [    0.000000] Zone ranges:
Oct 15 08:54:58 nirgal kernel: [    0.000000]   DMA      [mem 0x00010000-0x00ffffff]
Oct 15 08:54:58 nirgal kernel: [    0.000000]   Normal   [mem 0x01000000-0x37bfdfff]
Oct 15 08:54:58 nirgal kernel: [    0.000000]   HighMem  [mem 0x37bfe000-0x2dffffff]
Oct 15 08:54:58 nirgal kernel: [    0.000000] Movable zone start for each node
Oct 15 08:54:58 nirgal kernel: [    0.000000] Early memory node ranges
Oct 15 08:54:58 nirgal kernel: [    0.000000]   node   0: [mem 0x00010000-0x00099fff]
Oct 15 08:54:58 nirgal kernel: [    0.000000]   node   0: [mem 0x00100000-0x1fffffff]
Oct 15 08:54:58 nirgal kernel: [    0.000000]   node   0: [mem 0x20200000-0x3fffffff]
Oct 15 08:54:58 nirgal kernel: [    0.000000]   node   0: [mem 0x40200000-0xca9f9fff]
Oct 15 08:54:58 nirgal kernel: [    0.000000]   node   0: [mem 0xcaa3e000-0xcadb6fff]
Oct 15 08:54:58 nirgal kernel: [    0.000000]   node   0: [mem 0xcafff000-0xcaffffff]
Oct 15 08:54:58 nirgal kernel: [    0.000000]   node   0: [mem 0x00000000-0x2dffffff]
Oct 15 08:54:58 nirgal kernel: [    0.000000] On node 0 totalpages: 1018110
Oct 15 08:54:58 nirgal kernel: [    0.000000] free_area_init_node: node 0, pgdat c18f7f00, node_mem_map f1fde200
Oct 15 08:54:58 nirgal kernel: [    0.000000]   DMA zone: 32 pages used for memmap
Oct 15 08:54:58 nirgal kernel: [    0.000000]   DMA zone: 0 pages reserved
Oct 15 08:54:58 nirgal kernel: [    0.000000]   DMA zone: 3946 pages, LIFO batch:0
Oct 15 08:54:58 nirgal kernel: [    0.000000]   Normal zone: 1752 pages used for memmap
Oct 15 08:54:58 nirgal kernel: [    0.000000]   Normal zone: 221990 pages, LIFO batch:31
Oct 15 08:54:58 nirgal kernel: [    0.000000]   HighMem zone: 7881 pages used for memmap
Oct 15 08:54:58 nirgal kernel: [    0.000000]   HighMem zone: 782509 pages, LIFO batch:31
Oct 15 08:54:58 nirgal kernel: [    0.000000] Using APIC driver default
Oct 15 08:54:58 nirgal kernel: [    0.000000] ACPI: PM-Timer IO Port: 0x408
Oct 15 08:54:58 nirgal kernel: [    0.000000] ACPI: Local APIC address 0xfee00000
Oct 15 08:54:58 nirgal kernel: [    0.000000] ACPI: LAPIC (acpi_id[0x01] lapic_id[0x00] enabled)
Oct 15 08:54:58 nirgal kernel: [    0.000000] ACPI: LAPIC (acpi_id[0x02] lapic_id[0x02] enabled)
Oct 15 08:54:58 nirgal kernel: [    0.000000] ACPI: LAPIC (acpi_id[0x03] lapic_id[0x04] enabled)
Oct 15 08:54:58 nirgal kernel: [    0.000000] ACPI: LAPIC (acpi_id[0x04] lapic_id[0x06] enabled)
Oct 15 08:54:58 nirgal kernel: [    0.000000] ACPI: LAPIC (acpi_id[0x05] lapic_id[0x04] disabled)
Oct 15 08:54:58 nirgal kernel: [    0.000000] ACPI: LAPIC (acpi_id[0x06] lapic_id[0x05] disabled)
Oct 15 08:54:58 nirgal kernel: [    0.000000] ACPI: LAPIC (acpi_id[0x07] lapic_id[0x06] disabled)
Oct 15 08:54:58 nirgal kernel: [    0.000000] ACPI: LAPIC (acpi_id[0x08] lapic_id[0x07] disabled)
Oct 15 08:54:58 nirgal kernel: [    0.000000] ACPI: LAPIC (acpi_id[0x09] lapic_id[0x08] disabled)
Oct 15 08:54:58 nirgal kernel: [    0.000000] ACPI: LAPIC (acpi_id[0x0a] lapic_id[0x09] disabled)
Oct 15 08:54:58 nirgal kernel: [    0.000000] ACPI: LAPIC (acpi_id[0x0b] lapic_id[0x0a] disabled)
Oct 15 08:54:58 nirgal kernel: [    0.000000] ACPI: LAPIC (acpi_id[0x0c] lapic_id[0x0b] disabled)
Oct 15 08:54:58 nirgal kernel: [    0.000000] ACPI: LAPIC (acpi_id[0x0d] lapic_id[0x0c] disabled)
Oct 15 08:54:58 nirgal kernel: [    0.000000] ACPI: LAPIC (acpi_id[0x0e] lapic_id[0x0d] disabled)
Oct 15 08:54:58 nirgal kernel: [    0.000000] ACPI: LAPIC (acpi_id[0x0f] lapic_id[0x0e] disabled)
Oct 15 08:54:58 nirgal kernel: [    0.000000] ACPI: LAPIC (acpi_id[0x10] lapic_id[0x0f] disabled)
Oct 15 08:54:58 nirgal kernel: [    0.000000] ACPI: IOAPIC (id[0x02] address[0xfec00000] gsi_base[0])
Oct 15 08:54:58 nirgal kernel: [    0.000000] IOAPIC[0]: apic_id 2, version 32, address 0xfec00000, GSI 0-23
Oct 15 08:54:58 nirgal kernel: [    0.000000] ACPI: INT_SRC_OVR (bus 0 bus_irq 0 global_irq 2 dfl dfl)
Oct 15 08:54:58 nirgal kernel: [    0.000000] ACPI: INT_SRC_OVR (bus 0 bus_irq 9 global_irq 9 high level)
Oct 15 08:54:58 nirgal kernel: [    0.000000] ACPI: IRQ0 used by override.
Oct 15 08:54:58 nirgal kernel: [    0.000000] ACPI: IRQ2 used by override.
Oct 15 08:54:58 nirgal kernel: [    0.000000] ACPI: IRQ9 used by override.
Oct 15 08:54:58 nirgal kernel: [    0.000000] Using ACPI (MADT) for SMP configuration information
Oct 15 08:54:58 nirgal kernel: [    0.000000] ACPI: HPET id: 0x8086a701 base: 0xfed00000
Oct 02 02:02:02 nirgal kernel: [   30.931056] restarting
Oct 15 08:54:58 nirgal kernel: [    0.000000] smpboot: 16 Processors exceeds NR_CPUS limit of 8
Oct 15 08:54:58 nirgal kernel: [    0.000000] smpboot: Allowing 8 CPUs, 4 hotplug CPUs
Oct 15 08:54:58 nirgal kernel: [    0.000000] nr_irqs_gsi: 40
Oct 15 08:54:58 nirgal kernel: [    0.000000] PM: Registered nosave memory: 000000000009a000 - 000000000009b000
Oct 15 08:54:58 nirgal kernel: [    0.000000] PM: Registered nosave memory: 000000000009b000 - 00000000000a0000
Oct 15 08:54:58 nirgal kernel: [    0.000000] PM: Registered nosave memory: 00000000000a0000 - 00000000000e0000
Oct 15 08:54:58 nirgal kernel: [    0.000000] PM: Registered nosave memory: 00000000000e0000 - 0000000000100000
Oct 15 08:54:58 nirgal kernel: [    0.000000] PM: Registered nosave memory: 0000000020000000 - 0000000020200000
Oct 15 08:54:58 nirgal kernel: [    0.000000] e820: [mem 0xcfa00000-0xfed1bfff] available for PCI devices
Oct 15 08:54:58 nirgal kernel: [    0.000000] Booting paravirtualized kernel on bare hardware
Oct 15 08:54:58 nirgal kernel: [    0.000000] setup_percpu: NR_CPUS:8 nr_cpumask_bits:8 nr_cpu_ids:8 nr_node_ids:1
Oct 15 08:54:58 nirgal kernel: [    0.000000] PERCPU: Embedded 14 pages/cpu @f7b7b000 s34944 r0 d22400 u57344
Oct 15 08:54:58 nirgal kernel: [    0.000000] pcpu-alloc: s34944 r0 d22400 u57344 alloc=14*4096
Oct 15 08:54:58 nirgal kernel: [    0.000000] pcpu-alloc: [0] 0 [0] 1 [0] 2 [0] 3 [0] 4 [0] 5 [0] 6 [0] 7 
Oct 15 08:54:58 nirgal kernel: [    0.000000] Built 1 zonelists in Zone order, mobility grouping on.  Total pages: 1008445
Oct 15 08:54:58 nirgal kernel: [    0.000000] Kernel command line: BOOT_IMAGE=/boot/vmlinuz-3.8.0-31-generic root=UUID=31ad3de0-64d0-4e84-add3-33b073e6c3d0 ro quiet splash vt.handoff=7
Oct 15 08:54:58 nirgal kernel: [    0.000000] PID hash table entries: 4096 (order: 2, 16384 bytes)
Oct 15 08:54:58 nirgal kernel: [    0.000000] Dentry cache hash table entries: 131072 (order: 7, 524288 bytes)
Oct 15 08:54:58 nirgal kernel: [    0.000000] Inode-cache hash table entries: 65536 (order: 6, 262144 bytes)
Oct 15 08:54:58 nirgal kernel: [    0.000000] __ex_table already sorted, skipping sort
Oct 15 08:54:58 nirgal kernel: [    0.000000] Initializing CPU#0
Oct 15 08:54:58 nirgal kernel: [    0.000000] xsave: enabled xstate_bv 0x7, cntxt size 0x340
Oct 15 08:54:58 nirgal kernel: [    0.000000] allocated 9895808 bytes of page_cgroup
Oct 15 08:54:58 nirgal kernel: [    0.000000] please try 'cgroup_disable=memory' option if you don't want memory cgroups
Oct 15 08:54:58 nirgal kernel: [    0.000000] Initializing HighMem for node 0 (00037bfe:0012e000)
Oct 15 08:54:58 nirgal kernel: [    0.000000] Memory: 3981396k/4947968k available (6259k kernel code, 91044k reserved, 2973k data, 788k init, 3161560k highmem)
Oct 15 08:54:58 nirgal kernel: [    0.000000] virtual kernel memory layout:
Oct 15 08:54:58 nirgal kernel: [    0.000000]     fixmap  : 0xfff14000 - 0xfffff000   ( 940 kB)
Oct 15 08:54:58 nirgal kernel: [    0.000000]     pkmap   : 0xffc00000 - 0xffe00000   (2048 kB)
Oct 15 08:54:58 nirgal kernel: [    0.000000]     vmalloc : 0xf83fe000 - 0xffbfe000   ( 120 MB)
Oct 15 08:54:58 nirgal kernel: [    0.000000]     lowmem  : 0xc0000000 - 0xf7bfe000   ( 891 MB)
Oct 15 08:54:58 nirgal kernel: [    0.000000]       .init : 0xc1905000 - 0xc19ca000   ( 788 kB)
Oct 15 08:54:58 nirgal kernel: [    0.000000]       .data : 0xc161cd30 - 0xc1904240   (2973 kB)
Oct 15 08:54:58 nirgal kernel: [    0.000000]       .text : 0xc1000000 - 0xc161cd30   (6259 kB)
Oct 15 08:54:58 nirgal kernel: [    0.000000] Checking if this processor honours the WP bit even in supervisor mode...Ok.
Oct 15 08:54:58 nirgal kernel: [    0.000000] SLUB: Genslabs=15, HWalign=64, Order=0-3, MinObjects=0, CPUs=8, Nodes=1
Oct 15 08:54:58 nirgal kernel: [    0.000000] Hierarchical RCU implementation.
Oct 15 08:54:58 nirgal kernel: [    0.000000] 	RCU dyntick-idle grace-period acceleration is enabled.
Oct 15 08:54:58 nirgal kernel: [    0.000000] NR_IRQS:2304 nr_irqs:744 16
Oct 15 08:54:58 nirgal kernel: [    0.000000] CPU 0 irqstacks, hard=f6c0a000 soft=f6c0c000
Oct 15 08:54:58 nirgal kernel: [    0.000000] Extended CMOS year: 2000
Oct 15 08:54:58 nirgal kernel: [    0.000000] Console: colour dummy device 80x25
Oct 15 08:54:58 nirgal kernel: [    0.000000] console [tty0] enabled
Oct 15 08:54:58 nirgal kernel: [    0.000000] hpet clockevent registered
Oct 15 08:54:58 nirgal kernel: [    0.000000] tsc: Fast TSC calibration using PIT
Oct 15 08:54:58 nirgal kernel: [    0.004000] tsc: Detected 3092.804 MHz processor
Oct 15 08:54:58 nirgal kernel: [    0.000001] Calibrating delay loop (skipped), value calculated using timer frequency.. 6185.60 BogoMIPS (lpj=12371216)
Oct 15 08:54:58 nirgal kernel: [    0.000003] pid_max: default: 32768 minimum: 301
Oct 15 08:54:58 nirgal kernel: [    0.000024] Security Framework initialized
Oct 15 08:54:58 nirgal kernel: [    0.000030] AppArmor: AppArmor initialized
Oct 15 08:54:58 nirgal kernel: [    0.000031] Yama: becoming mindful.
Oct 15 08:54:58 nirgal kernel: [    0.000062] Mount-cache hash table entries: 512
Oct 15 08:54:58 nirgal kernel: [    0.000197] Initializing cgroup subsys cpuacct
Oct 15 08:54:58 nirgal kernel: [    0.000198] Initializing cgroup subsys memory
Oct 15 08:54:58 nirgal kernel: [    0.000203] Initializing cgroup subsys devices
Oct 15 08:54:58 nirgal kernel: [    0.000204] Initializing cgroup subsys freezer
Oct 15 08:54:58 nirgal kernel: [    0.000205] Initializing cgroup subsys blkio
Oct 15 08:54:58 nirgal kernel: [    0.000206] Initializing cgroup subsys perf_event
Oct 15 08:54:58 nirgal kernel: [    0.000208] Initializing cgroup subsys hugetlb
Oct 15 08:54:58 nirgal kernel: [    0.000228] CPU: Physical Processor ID: 0
Oct 15 08:54:58 nirgal kernel: [    0.000229] CPU: Processor Core ID: 0
Oct 15 08:54:58 nirgal kernel: [    0.000233] ENERGY_PERF_BIAS: Set to 'normal', was 'performance'
Oct 15 08:54:58 nirgal kernel: [    0.000233] ENERGY_PERF_BIAS: View and update with x86_energy_perf_policy(8)
Oct 15 08:54:58 nirgal kernel: [    0.000235] mce: CPU supports 9 MCE banks
Oct 15 08:54:58 nirgal kernel: [    0.000245] CPU0: Thermal monitoring enabled (TM1)
Oct 15 08:54:58 nirgal kernel: [    0.000249] process: using mwait in idle threads
Oct 15 08:54:58 nirgal kernel: [    0.000254] Last level iTLB entries: 4KB 512, 2MB 0, 4MB 0
Oct 15 08:54:58 nirgal kernel: [    0.000254] Last level dTLB entries: 4KB 512, 2MB 32, 4MB 32
Oct 15 08:54:58 nirgal kernel: [    0.000254] tlb_flushall_shift: 5
Oct 15 08:54:58 nirgal kernel: [    0.000504] Freeing SMP alternatives: 24k freed
Oct 15 08:54:58 nirgal kernel: [    0.002073] ACPI: Core revision 20121018
Oct 15 08:54:58 nirgal kernel: [    0.005619] ftrace: allocating 26139 entries in 52 pages
Oct 15 08:54:58 nirgal kernel: [    0.015331] Enabling APIC mode:  Flat.  Using 1 I/O APICs
Oct 15 08:54:58 nirgal kernel: [    0.015727] ..TIMER: vector=0x30 apic1=0 pin1=2 apic2=-1 pin2=-1
Oct 15 08:54:58 nirgal kernel: [    0.055399] smpboot: CPU0: Intel(R) Core(TM) i5-2400 CPU @ 3.10GHz (fam: 06, model: 2a, stepping: 07)
Oct 15 08:54:58 nirgal kernel: [    0.055405] TSC deadline timer enabled
Oct 15 08:54:58 nirgal kernel: [    0.055408] Performance Events: PEBS fmt1+, 16-deep LBR, SandyBridge events, Intel PMU driver.
Oct 15 08:54:58 nirgal kernel: [    0.055413] perf_event_intel: PEBS disabled due to CPU errata, please upgrade microcode
Oct 15 08:54:58 nirgal kernel: [    0.055415] ... version:                3
Oct 15 08:54:58 nirgal kernel: [    0.055415] ... bit width:              48
Oct 15 08:54:58 nirgal kernel: [    0.055416] ... generic registers:      8
Oct 15 08:54:58 nirgal kernel: [    0.055417] ... value mask:             0000ffffffffffff
Oct 15 08:54:58 nirgal kernel: [    0.055418] ... max period:             000000007fffffff
Oct 15 08:54:58 nirgal kernel: [    0.055419] ... fixed-purpose events:   3
Oct 15 08:54:58 nirgal kernel: [    0.055420] ... event mask:             00000007000000ff
Oct 15 08:54:58 nirgal kernel: [    0.056185] CPU 1 irqstacks, hard=f6cf4000 soft=f6cf6000
Oct 15 08:54:58 nirgal kernel: [    0.066478] Initializing CPU#1
Oct 15 08:54:58 nirgal kernel: [    0.069388] NMI watchdog: enabled on all CPUs, permanently consumes one hw-PMU counter.
Oct 15 08:54:58 nirgal kernel: [    0.056187] smpboot: Booting Node   0, Processors  #1
Oct 15 08:54:58 nirgal kernel: [    0.069453] CPU 2 irqstacks, hard=f6dce000 soft=f6dd8000
Oct 15 08:54:58 nirgal kernel: [    0.079699] Initializing CPU#2
Oct 15 08:54:58 nirgal kernel: [    0.069454]  #2
Oct 15 08:54:58 nirgal kernel: [    0.082657] CPU 3 irqstacks, hard=f6e32000 soft=f6e34000
Oct 15 08:54:58 nirgal kernel: [    0.092889] Initializing CPU#3
Oct 15 08:54:58 nirgal kernel: [    0.082659]  #3
Oct 15 08:54:58 nirgal kernel: [    0.095799] Brought up 4 CPUs
Oct 15 08:54:58 nirgal kernel: [    0.095802] smpboot: Total of 4 processors activated (24742.43 BogoMIPS)
Oct 15 08:54:58 nirgal kernel: [    0.098534] devtmpfs: initialized
Oct 15 08:54:58 nirgal kernel: [    0.098666] EVM: security.selinux
Oct 15 08:54:58 nirgal kernel: [    0.098667] EVM: security.SMACK64
Oct 15 08:54:58 nirgal kernel: [    0.098668] EVM: security.capability
Oct 15 08:54:58 nirgal kernel: [    0.098723] PM: Registering ACPI NVS region [mem 0xcade7000-0xcafe6fff] (2097152 bytes)
Oct 15 08:54:58 nirgal kernel: [    0.098763] reboot: PCI series board detected. Selecting Dell OptiPlex 790-method for reboots.
Oct 15 08:54:58 nirgal kernel: [    0.099300] regulator-dummy: no parameters
Oct 15 08:54:58 nirgal kernel: [    0.099337] NET: Registered protocol family 16
Oct 15 08:54:58 nirgal kernel: [    0.099426] EISA bus registered
Oct 15 08:54:58 nirgal kernel: [    0.099486] ACPI FADT declares the system doesn't support PCIe ASPM, so disable it
Oct 15 08:54:58 nirgal kernel: [    0.099487] ACPI: bus type pci registered
Oct 15 08:54:58 nirgal kernel: [    0.099531] PCI: MMCONFIG for domain 0000 [bus 00-3f] at [mem 0xf8000000-0xfbffffff] (base 0xf8000000)
Oct 15 08:54:58 nirgal kernel: [    0.099533] PCI: not using MMCONFIG
Oct 15 08:54:58 nirgal kernel: [    0.099578] PCI : PCI BIOS area is rw and x. Use pci=nobios if you want it NX.
Oct 15 08:54:58 nirgal kernel: [    0.099583] PCI: PCI BIOS revision 2.10 entry at 0xfce72, last bus=3
Oct 15 08:54:58 nirgal kernel: [    0.099584] PCI: Using configuration type 1 for base access
Oct 15 08:54:58 nirgal kernel: [    0.099589] dmi type 0xB1 record - unknown flag
Oct 15 08:54:58 nirgal kernel: [    0.100248] bio: create slab <bio-0> at 0
Oct 15 08:54:58 nirgal kernel: [    0.100313] ACPI: Added _OSI(Module Device)
Oct 15 08:54:58 nirgal kernel: [    0.100314] ACPI: Added _OSI(Processor Device)
Oct 15 08:54:58 nirgal kernel: [    0.100315] ACPI: Added _OSI(3.0 _SCP Extensions)
Oct 15 08:54:58 nirgal kernel: [    0.100316] ACPI: Added _OSI(Processor Aggregator Device)
Oct 15 08:54:58 nirgal kernel: [    0.101338] ACPI: EC: Look up EC in DSDT
Oct 15 08:54:58 nirgal kernel: [    0.104447] [Firmware Bug]: ACPI: BIOS _OSI(Linux) query ignored
Oct 15 08:54:58 nirgal kernel: [    0.107938] ACPI: SSDT cadd7798 00727 (v01  PmRef  Cpu0Cst 00003001 INTL 20090903)
Oct 15 08:54:58 nirgal kernel: [    0.108208] ACPI: Dynamic OEM Table Load:
Oct 15 08:54:58 nirgal kernel: [    0.108210] ACPI: SSDT   (null) 00727 (v01  PmRef  Cpu0Cst 00003001 INTL 20090903)
Oct 15 08:54:58 nirgal kernel: [    0.108420] ACPI: SSDT cadd8a98 00303 (v01  PmRef    ApIst 00003000 INTL 20090903)
Oct 15 08:54:58 nirgal kernel: [    0.108715] ACPI: Dynamic OEM Table Load:
Oct 15 08:54:58 nirgal kernel: [    0.108717] ACPI: SSDT   (null) 00303 (v01  PmRef    ApIst 00003000 INTL 20090903)
Oct 15 08:54:58 nirgal kernel: [    0.108807] ACPI: SSDT cadd6d98 00119 (v01  PmRef    ApCst 00003000 INTL 20090903)
Oct 15 08:54:58 nirgal kernel: [    0.109072] ACPI: Dynamic OEM Table Load:
Oct 15 08:54:58 nirgal kernel: [    0.109074] ACPI: SSDT   (null) 00119 (v01  PmRef    ApCst 00003000 INTL 20090903)
Oct 15 08:54:58 nirgal kernel: [    0.109453] ACPI: Interpreter enabled
Oct 15 08:54:58 nirgal kernel: [    0.109459] ACPI: (supports S0 S3 S4 S5)
Oct 15 08:54:58 nirgal kernel: [    0.109473] ACPI: Using IOAPIC for interrupt routing
Oct 15 08:54:58 nirgal kernel: [    0.109488] PCI: MMCONFIG for domain 0000 [bus 00-3f] at [mem 0xf8000000-0xfbffffff] (base 0xf8000000)
Oct 15 08:54:58 nirgal kernel: [    0.109760] PCI: MMCONFIG at [mem 0xf8000000-0xfbffffff] reserved in ACPI motherboard resources
Oct 15 08:54:58 nirgal kernel: [    0.109761] PCI: Using MMCONFIG for extended config space
Oct 15 08:54:58 nirgal kernel: [    0.112962] ACPI: No dock devices found.
Oct 15 08:54:58 nirgal kernel: [    0.112967] PCI: Using host bridge windows from ACPI; if necessary, use "pci=nocrs" and report a bug
Oct 15 08:54:58 nirgal kernel: [    0.113176] ACPI: PCI Root Bridge [PCI0] (domain 0000 [bus 00-3e])
Oct 15 08:54:58 nirgal kernel: [    0.113178] ACPI: PCI Interrupt Routing Table [\_SB_.PCI0._PRT]
Oct 15 08:54:58 nirgal kernel: [    0.113318] \_SB_.PCI0:_OSC invalid UUID
Oct 15 08:54:58 nirgal kernel: [    0.113319] _OSC request data:1 8 0 
Oct 15 08:54:58 nirgal kernel: [    0.113727] PCI host bridge to bus 0000:00
Oct 15 08:54:58 nirgal kernel: [    0.113729] pci_bus 0000:00: root bus resource [bus 00-3e]
Oct 15 08:54:58 nirgal kernel: [    0.113731] pci_bus 0000:00: root bus resource [io  0x0000-0x0cf7]
Oct 15 08:54:58 nirgal kernel: [    0.113733] pci_bus 0000:00: root bus resource [io  0x0d00-0xffff]
Oct 15 08:54:58 nirgal kernel: [    0.113734] pci_bus 0000:00: root bus resource [mem 0x000a0000-0x000bffff]
Oct 15 08:54:58 nirgal kernel: [    0.113736] pci_bus 0000:00: root bus resource [mem 0xcfa00000-0xfeafffff]
Oct 15 08:54:58 nirgal kernel: [    0.113737] pci_bus 0000:00: root bus resource [mem 0xfed40000-0xfed44fff]
Oct 15 08:54:58 nirgal kernel: [    0.113745] pci 0000:00:00.0: [8086:0100] type 00 class 0x060000
Oct 15 08:54:58 nirgal kernel: [    0.113777] pci 0000:00:02.0: [8086:0102] type 00 class 0x030000
Oct 15 08:54:58 nirgal kernel: [    0.113786] pci 0000:00:02.0: reg 10: [mem 0xe0c00000-0xe0ffffff 64bit]
Oct 15 08:54:58 nirgal kernel: [    0.113791] pci 0000:00:02.0: reg 18: [mem 0xd0000000-0xdfffffff 64bit pref]
Oct 15 08:54:58 nirgal kernel: [    0.113795] pci 0000:00:02.0: reg 20: [io  0x3000-0x303f]
Oct 15 08:54:58 nirgal kernel: [    0.113843] pci 0000:00:16.0: [8086:1c3a] type 00 class 0x078000
Oct 15 08:54:58 nirgal kernel: [    0.113867] pci 0000:00:16.0: reg 10: [mem 0xe1bb0000-0xe1bb000f 64bit]
Oct 15 08:54:58 nirgal kernel: [    0.113941] pci 0000:00:16.0: PME# supported from D0 D3hot D3cold
Oct 15 08:54:58 nirgal kernel: [    0.113964] pci 0000:00:16.3: [8086:1c3d] type 00 class 0x070002
Oct 15 08:54:58 nirgal kernel: [    0.113982] pci 0000:00:16.3: reg 10: [io  0x30e0-0x30e7]
Oct 15 08:54:58 nirgal kernel: [    0.113990] pci 0000:00:16.3: reg 14: [mem 0xe1b90000-0xe1b90fff]
Oct 15 08:54:58 nirgal kernel: [    0.114086] pci 0000:00:19.0: [8086:1502] type 00 class 0x020000
Oct 15 08:54:58 nirgal kernel: [    0.114103] pci 0000:00:19.0: reg 10: [mem 0xe1b00000-0xe1b1ffff]
Oct 15 08:54:58 nirgal kernel: [    0.114111] pci 0000:00:19.0: reg 14: [mem 0xe1b80000-0xe1b80fff]
Oct 15 08:54:58 nirgal kernel: [    0.114119] pci 0000:00:19.0: reg 18: [io  0x3080-0x309f]
Oct 15 08:54:58 nirgal kernel: [    0.114180] pci 0000:00:19.0: PME# supported from D0 D3hot D3cold
Oct 15 08:54:58 nirgal kernel: [    0.114204] pci 0000:00:1a.0: [8086:1c2d] type 00 class 0x0c0320
Oct 15 08:54:58 nirgal kernel: [    0.114224] pci 0000:00:1a.0: reg 10: [mem 0xe1b70000-0xe1b703ff]
Oct 15 08:54:58 nirgal kernel: [    0.114312] pci 0000:00:1a.0: PME# supported from D0 D3hot D3cold
Oct 15 08:54:58 nirgal kernel: [    0.114337] pci 0000:00:1b.0: [8086:1c20] type 00 class 0x040300
Oct 15 08:54:58 nirgal kernel: [    0.114352] pci 0000:00:1b.0: reg 10: [mem 0xe1b60000-0xe1b63fff 64bit]
Oct 15 08:54:58 nirgal kernel: [    0.114417] pci 0000:00:1b.0: PME# supported from D0 D3hot D3cold
Oct 15 08:54:58 nirgal kernel: [    0.114443] pci 0000:00:1c.0: [8086:1c10] type 01 class 0x060400
Oct 15 08:54:58 nirgal kernel: [    0.114570] pci 0000:00:1c.0: PME# supported from D0 D3hot D3cold
Oct 15 08:54:58 nirgal kernel: [    0.114605] pci 0000:00:1c.2: [8086:1c14] type 01 class 0x060400
Oct 15 08:54:58 nirgal kernel: [    0.114730] pci 0000:00:1c.2: PME# supported from D0 D3hot D3cold
Oct 15 08:54:58 nirgal kernel: [    0.114771] pci 0000:00:1d.0: [8086:1c26] type 00 class 0x0c0320
Oct 15 08:54:58 nirgal kernel: [    0.114791] pci 0000:00:1d.0: reg 10: [mem 0xe1b50000-0xe1b503ff]
Oct 15 08:54:58 nirgal kernel: [    0.114879] pci 0000:00:1d.0: PME# supported from D0 D3hot D3cold
Oct 15 08:54:58 nirgal kernel: [    0.114899] pci 0000:00:1e.0: [8086:244e] type 01 class 0x060401
Oct 15 08:54:58 nirgal kernel: [    0.114959] pci 0000:00:1f.0: [8086:1c4c] type 00 class 0x060100
Oct 15 08:54:58 nirgal kernel: [    0.115080] pci 0000:00:1f.2: [8086:1c02] type 00 class 0x010601
Oct 15 08:54:58 nirgal kernel: [    0.115097] pci 0000:00:1f.2: reg 10: [io  0x30d0-0x30d7]
Oct 15 08:54:58 nirgal kernel: [    0.115104] pci 0000:00:1f.2: reg 14: [io  0x30c0-0x30c3]
Oct 15 08:54:58 nirgal kernel: [    0.115112] pci 0000:00:1f.2: reg 18: [io  0x30b0-0x30b7]
Oct 15 08:54:58 nirgal kernel: [    0.115119] pci 0000:00:1f.2: reg 1c: [io  0x30a0-0x30a3]
Oct 15 08:54:58 nirgal kernel: [    0.115127] pci 0000:00:1f.2: reg 20: [io  0x3060-0x307f]
Oct 03 03:03:03 nirgal kernel: [   30.931056] restarting
Oct 15 08:54:58 nirgal kernel: [    0.115134] pci 0000:00:1f.2: reg 24: [mem 0xe1b40000-0xe1b407ff]
Oct 15 08:54:58 nirgal kernel: [    0.115177] pci 0000:00:1f.2: PME# supported from D3hot
Oct 15 08:54:58 nirgal kernel: [    0.115194] pci 0000:00:1f.3: [8086:1c22] type 00 class 0x0c0500
Oct 15 08:54:58 nirgal kernel: [    0.115208] pci 0000:00:1f.3: reg 10: [mem 0xe1b30000-0xe1b300ff 64bit]
Oct 15 08:54:58 nirgal kernel: [    0.115228] pci 0000:00:1f.3: reg 20: [io  0x3040-0x305f]
Oct 15 08:54:58 nirgal kernel: [    0.115322] pci 0000:00:1c.0: PCI bridge to [bus 01]
Oct 15 08:54:58 nirgal kernel: [    0.115405] pci 0000:00:1c.2: PCI bridge to [bus 02]
Oct 15 08:54:58 nirgal kernel: [    0.115410] pci 0000:00:1c.2:   bridge window [io  0x2000-0x2fff]
Oct 15 08:54:58 nirgal kernel: [    0.115415] pci 0000:00:1c.2:   bridge window [mem 0xe1000000-0xe19fffff]
Oct 15 08:54:58 nirgal kernel: [    0.115423] pci 0000:00:1c.2:   bridge window [mem 0xe0000000-0xe09fffff 64bit pref]
Oct 15 08:54:58 nirgal kernel: [    0.115455] pci 0000:03:02.0: [1814:0201] type 00 class 0x028000
Oct 15 08:54:58 nirgal kernel: [    0.115471] pci 0000:03:02.0: reg 10: [mem 0xe1a00000-0xe1a01fff]
Oct 15 08:54:58 nirgal kernel: [    0.115584] pci 0000:00:1e.0: PCI bridge to [bus 03] (subtractive decode)
Oct 15 08:54:58 nirgal kernel: [    0.115590] pci 0000:00:1e.0:   bridge window [mem 0xe1a00000-0xe1afffff]
Oct 15 08:54:58 nirgal kernel: [    0.115595] pci 0000:00:1e.0:   bridge window [io  0x0000-0x0cf7] (subtractive decode)
Oct 15 08:54:58 nirgal kernel: [    0.115597] pci 0000:00:1e.0:   bridge window [io  0x0d00-0xffff] (subtractive decode)
Oct 15 08:54:58 nirgal kernel: [    0.115598] pci 0000:00:1e.0:   bridge window [mem 0x000a0000-0x000bffff] (subtractive decode)
Oct 15 08:54:58 nirgal kernel: [    0.115599] pci 0000:00:1e.0:   bridge window [mem 0xcfa00000-0xfeafffff] (subtractive decode)
Oct 15 08:54:58 nirgal kernel: [    0.115601] pci 0000:00:1e.0:   bridge window [mem 0xfed40000-0xfed44fff] (subtractive decode)
Oct 15 08:54:58 nirgal kernel: [    0.115621] pci_bus 0000:00: on NUMA node 0
Oct 15 08:54:58 nirgal kernel: [    0.115640] ACPI: PCI Interrupt Routing Table [\_SB_.PCI0.RP01._PRT]
Oct 15 08:54:58 nirgal kernel: [    0.115669] ACPI: PCI Interrupt Routing Table [\_SB_.PCI0.RP03._PRT]
Oct 15 08:54:58 nirgal kernel: [    0.115709] ACPI: PCI Interrupt Routing Table [\_SB_.PCI0.P0P1._PRT]
Oct 15 08:54:58 nirgal kernel: [    0.115803] \_SB_.PCI0:_OSC invalid UUID
Oct 15 08:54:58 nirgal kernel: [    0.115804] _OSC request data:1 1f 0 
Oct 15 08:54:58 nirgal kernel: [    0.115807]  pci0000:00: ACPI _OSC support notification failed, disabling PCIe ASPM
Oct 15 08:54:58 nirgal kernel: [    0.115808]  pci0000:00: Unable to request _OSC control (_OSC support mask: 0x08)
Oct 15 08:54:58 nirgal kernel: [    0.116259] ACPI: PCI Interrupt Link [LNKA] (IRQs 1 3 4 5 6 7 10 12 14 15) *11
Oct 15 08:54:58 nirgal kernel: [    0.116294] ACPI: PCI Interrupt Link [LNKB] (IRQs 1 3 4 5 6 7 11 12 14 15) *10
Oct 15 08:54:58 nirgal kernel: [    0.116326] ACPI: PCI Interrupt Link [LNKC] (IRQs 1 3 4 5 6 7 10 12 14 15) *11
Oct 15 08:54:58 nirgal kernel: [    0.116358] ACPI: PCI Interrupt Link [LNKD] (IRQs 1 3 4 5 6 7 11 12 14 15) *0, disabled.
Oct 15 08:54:58 nirgal kernel: [    0.116390] ACPI: PCI Interrupt Link [LNKE] (IRQs 1 3 4 *5 6 7 10 12 14 15)
Oct 15 08:54:58 nirgal kernel: [    0.116422] ACPI: PCI Interrupt Link [LNKF] (IRQs 1 3 4 5 6 7 11 12 14 15) *0, disabled.
Oct 15 08:54:58 nirgal kernel: [    0.116454] ACPI: PCI Interrupt Link [LNKG] (IRQs 1 *3 4 5 6 7 10 12 14 15)
Oct 15 08:54:58 nirgal kernel: [    0.116486] ACPI: PCI Interrupt Link [LNKH] (IRQs 1 3 4 5 6 7 11 12 14 15) *0, disabled.
Oct 15 08:54:58 nirgal kernel: [    0.116556] vgaarb: device added: PCI:0000:00:02.0,decodes=io+mem,owns=io+mem,locks=none
Oct 15 08:54:58 nirgal kernel: [    0.116559] vgaarb: loaded
Oct 15 08:54:58 nirgal kernel: [    0.116560] vgaarb: bridge control possible 0000:00:02.0
Oct 15 08:54:58 nirgal kernel: [    0.116696] SCSI subsystem initialized
Oct 15 08:54:58 nirgal kernel: [    0.116698] ACPI: bus type scsi registered
Oct 15 08:54:58 nirgal kernel: [    0.116719] libata version 3.00 loaded.
Oct 15 08:54:58 nirgal kernel: [    0.116732] ACPI: bus type usb registered
Oct 15 08:54:58 nirgal kernel: [    0.116743] usbcore: registered new interface driver usbfs
Oct 15 08:54:58 nirgal kernel: [    0.116749] usbcore: registered new interface driver hub
Oct 15 08:54:58 nirgal kernel: [    0.116761] usbcore: registered new device driver usb
Oct 15 08:54:58 nirgal kernel: [    0.116820] PCI: Using ACPI for IRQ routing
Oct 15 08:54:58 nirgal kernel: [    0.116822] PCI: pci_cache_line_size set to 64 bytes
Oct 15 08:54:58 nirgal kernel: [    0.116869] e820: reserve RAM buffer [mem 0x0009ac00-0x0009ffff]
Oct 15 08:54:58 nirgal kernel: [    0.116870] e820: reserve RAM buffer [mem 0xca9fa000-0xcbffffff]
Oct 15 08:54:58 nirgal kernel: [    0.116872] e820: reserve RAM buffer [mem 0xcadb7000-0xcbffffff]
Oct 15 08:54:58 nirgal kernel: [    0.116873] e820: reserve RAM buffer [mem 0xcb000000-0xcbffffff]
Oct 15 08:54:58 nirgal kernel: [    0.116875] e820: reserve RAM buffer [mem 0x12e000000-0x12fffffff]
Oct 15 08:54:58 nirgal kernel: [    0.116935] NetLabel: Initializing
Oct 15 08:54:58 nirgal kernel: [    0.116936] NetLabel:  domain hash size = 128
Oct 15 08:54:58 nirgal kernel: [    0.116936] NetLabel:  protocols = UNLABELED CIPSOv4
Oct 15 08:54:58 nirgal kernel: [    0.116943] NetLabel:  unlabeled traffic allowed by default
Oct 15 08:54:58 nirgal kernel: [    0.117006] hpet0: at MMIO 0xfed00000, IRQs 2, 8, 0, 0, 0, 0, 0, 0
Oct 15 08:54:58 nirgal kernel: [    0.117011] hpet0: 8 comparators, 64-bit 14.318180 MHz counter
Oct 15 08:54:58 nirgal kernel: [    0.119019] Switching to clocksource hpet
Oct 15 08:54:58 nirgal kernel: [    0.123404] AppArmor: AppArmor Filesystem Enabled
Oct 15 08:54:58 nirgal kernel: [    0.123415] pnp: PnP ACPI init
Oct 15 08:54:58 nirgal kernel: [    0.123420] ACPI: bus type pnp registered
Oct 15 08:54:58 nirgal kernel: [    0.123446] pnp 00:00: [dma 4]
Oct 15 08:54:58 nirgal kernel: [    0.123460] pnp 00:00: Plug and Play ACPI device, IDs PNP0200 (active)
Oct 15 08:54:58 nirgal kernel: [    0.123477] pnp 00:01: Plug and Play ACPI device, IDs INT0800 (active)
Oct 15 08:54:58 nirgal kernel: [    0.123539] pnp 00:02: Plug and Play ACPI device, IDs PNP0103 (active)
Oct 15 08:54:58 nirgal kernel: [    0.123561] pnp 00:03: Plug and Play ACPI device, IDs PNP0c04 (active)
Oct 15 08:54:58 nirgal kernel: [    0.123596] system 00:04: [io  0x0680-0x069f] has been reserved
Oct 15 08:54:58 nirgal kernel: [    0.123598] system 00:04: [io  0xffff] has been reserved
Oct 15 08:54:58 nirgal kernel: [    0.123600] system 00:04: [io  0xffff] has been reserved
Oct 15 08:54:58 nirgal kernel: [    0.123601] system 00:04: [io  0xffff] has been reserved
Oct 15 08:54:58 nirgal kernel: [    0.123604] system 00:04: [io  0x0400-0x0453] has been reserved
Oct 15 08:54:58 nirgal kernel: [    0.123605] system 00:04: [io  0x0458-0x047f] has been reserved
Oct 15 08:54:58 nirgal kernel: [    0.123607] system 00:04: [io  0x0500-0x057f] has been reserved
Oct 15 08:54:58 nirgal kernel: [    0.123609] system 00:04: [io  0x164e-0x164f] has been reserved
Oct 15 08:54:58 nirgal kernel: [    0.123611] system 00:04: Plug and Play ACPI device, IDs PNP0c02 (active)
Oct 15 08:54:58 nirgal kernel: [    0.123629] pnp 00:05: Plug and Play ACPI device, IDs PNP0b00 (active)
Oct 15 08:54:58 nirgal kernel: [    0.123660] system 00:06: [io  0x0454-0x0457] has been reserved
Oct 15 08:54:58 nirgal kernel: [    0.123662] system 00:06: Plug and Play ACPI device, IDs INT3f0d PNP0c02 (active)
Oct 15 08:54:58 nirgal kernel: [    0.123849] pnp 00:07: Plug and Play ACPI device, IDs PNP0501 (active)
Oct 15 08:54:58 nirgal kernel: [    0.123996] system 00:08: [mem 0xfed1c000-0xfed1ffff] has been reserved
Oct 15 08:54:58 nirgal kernel: [    0.123998] system 00:08: [mem 0xfed10000-0xfed17fff] has been reserved
Oct 15 08:54:58 nirgal kernel: [    0.124000] system 00:08: [mem 0xfed18000-0xfed18fff] has been reserved
Oct 15 08:54:58 nirgal kernel: [    0.124001] system 00:08: [mem 0xfed19000-0xfed19fff] has been reserved
Oct 15 08:54:58 nirgal kernel: [    0.124003] system 00:08: [mem 0xf8000000-0xfbffffff] has been reserved
Oct 15 08:54:58 nirgal kernel: [    0.124004] system 00:08: [mem 0xfed20000-0xfed3ffff] has been reserved
Oct 15 08:54:58 nirgal kernel: [    0.124006] system 00:08: [mem 0xfed90000-0xfed93fff] has been reserved
Oct 15 08:54:58 nirgal kernel: [    0.124008] system 00:08: [mem 0xfed45000-0xfed8ffff] has been reserved
Oct 15 08:54:58 nirgal kernel: [    0.124009] system 00:08: [mem 0xff000000-0xffffffff] could not be reserved
Oct 15 08:54:58 nirgal kernel: [    0.124011] system 00:08: [mem 0xfee00000-0xfeefffff] has been reserved
Oct 15 08:54:58 nirgal kernel: [    0.124013] system 00:08: Plug and Play ACPI device, IDs PNP0c02 (active)
Oct 15 08:54:58 nirgal kernel: [    0.124045] system 00:09: [mem 0x20000000-0x201fffff] has been reserved
Oct 15 08:54:58 nirgal kernel: [    0.124047] system 00:09: [mem 0x40000000-0x401fffff] has been reserved
Oct 15 08:54:58 nirgal kernel: [    0.124048] system 00:09: Plug and Play ACPI device, IDs PNP0c01 (active)
Oct 15 08:54:58 nirgal kernel: [    0.124125] pnp: PnP ACPI: found 10 devices
Oct 15 08:54:58 nirgal kernel: [    0.124127] ACPI: ACPI bus type pnp unregistered
Oct 15 08:54:58 nirgal kernel: [    0.124128] PnPBIOS: Disabled by ACPI PNP
Oct 15 08:54:58 nirgal kernel: [    0.159909] pci 0000:00:1c.0: PCI bridge to [bus 01]
Oct 15 08:54:58 nirgal kernel: [    0.159927] pci 0000:00:1c.2: PCI bridge to [bus 02]
Oct 15 08:54:58 nirgal kernel: [    0.159931] pci 0000:00:1c.2:   bridge window [io  0x2000-0x2fff]
Oct 15 08:54:58 nirgal kernel: [    0.159937] pci 0000:00:1c.2:   bridge window [mem 0xe1000000-0xe19fffff]
Oct 15 08:54:58 nirgal kernel: [    0.159942] pci 0000:00:1c.2:   bridge window [mem 0xe0000000-0xe09fffff 64bit pref]
Oct 15 08:54:58 nirgal kernel: [    0.159950] pci 0000:00:1e.0: PCI bridge to [bus 03]
Oct 15 08:54:58 nirgal kernel: [    0.159955] pci 0000:00:1e.0:   bridge window [mem 0xe1a00000-0xe1afffff]
Oct 15 08:54:58 nirgal kernel: [    0.159985] pci 0000:00:1e.0: setting latency timer to 64
Oct 15 08:54:58 nirgal kernel: [    0.159988] pci_bus 0000:00: resource 4 [io  0x0000-0x0cf7]
Oct 15 08:54:58 nirgal kernel: [    0.159990] pci_bus 0000:00: resource 5 [io  0x0d00-0xffff]
Oct 15 08:54:58 nirgal kernel: [    0.159991] pci_bus 0000:00: resource 6 [mem 0x000a0000-0x000bffff]
Oct 15 08:54:58 nirgal kernel: [    0.159992] pci_bus 0000:00: resource 7 [mem 0xcfa00000-0xfeafffff]
Oct 15 08:54:58 nirgal kernel: [    0.159994] pci_bus 0000:00: resource 8 [mem 0xfed40000-0xfed44fff]
Oct 15 08:54:58 nirgal kernel: [    0.159995] pci_bus 0000:02: resource 0 [io  0x2000-0x2fff]
Oct 15 08:54:58 nirgal kernel: [    0.159997] pci_bus 0000:02: resource 1 [mem 0xe1000000-0xe19fffff]
Oct 15 08:54:58 nirgal kernel: [    0.159998] pci_bus 0000:02: resource 2 [mem 0xe0000000-0xe09fffff 64bit pref]
Oct 15 08:54:58 nirgal kernel: [    0.160000] pci_bus 0000:03: resource 1 [mem 0xe1a00000-0xe1afffff]
Oct 15 08:54:58 nirgal kernel: [    0.160001] pci_bus 0000:03: resource 4 [io  0x0000-0x0cf7]
Oct 15 08:54:58 nirgal kernel: [    0.160002] pci_bus 0000:03: resource 5 [io  0x0d00-0xffff]
Oct 15 08:54:58 nirgal kernel: [    0.160004] pci_bus 0000:03: resource 6 [mem 0x000a0000-0x000bffff]
Oct 15 08:54:58 nirgal kernel: [    0.160005] pci_bus 0000:03: resource 7 [mem 0xcfa00000-0xfeafffff]
Oct 15 08:54:58 nirgal kernel: [    0.160006] pci_bus 0000:03: resource 8 [mem 0xfed40000-0xfed44fff]
Oct 15 08:54:58 nirgal kernel: [    0.160029] NET: Registered protocol family 2
Oct 15 08:54:58 nirgal kernel: [    0.160119] TCP established hash table entries: 8192 (order: 4, 65536 bytes)
Oct 15 08:54:58 nirgal kernel: [    0.160131] TCP bind hash table entries: 8192 (order: 4, 65536 bytes)
Oct 15 08:54:58 nirgal kernel: [    0.160141] TCP: Hash tables configured (established 8192 bind 8192)
Oct 15 08:54:58 nirgal kernel: [    0.160150] TCP: reno registered
Oct 15 08:54:58 nirgal kernel: [    0.160152] UDP hash table entries: 512 (order: 2, 16384 bytes)
Oct 15 08:54:58 nirgal kernel: [    0.160155] UDP-Lite hash table entries: 512 (order: 2, 16384 bytes)
Oct 15 08:54:58 nirgal kernel: [    0.160190] NET: Registered protocol family 1
Oct 15 08:54:58 nirgal kernel: [    0.160406] pci 0000:00:02.0: Boot video device
Oct 15 08:54:58 nirgal kernel: [    0.160469] PCI: CLS 64 bytes, default 64
Oct 15 08:54:58 nirgal kernel: [    0.160500] Trying to unpack rootfs image as initramfs...
Oct 15 08:54:58 nirgal kernel: [    0.564839] Freeing initrd memory: 29860k freed
Oct 15 08:54:58 nirgal kernel: [    0.567878] dmar: Host address width 36
Oct 15 08:54:58 nirgal kernel: [    0.567881] dmar: DRHD base: 0x000000fed90000 flags: 0x0
Oct 15 08:54:58 nirgal kernel: [    0.567894] dmar: IOMMU 0: reg_base_addr fed90000 ver 1:0 cap c0000020e60262 ecap f0101a
Oct 15 08:54:58 nirgal kernel: [    0.567895] dmar: DRHD base: 0x000000fed91000 flags: 0x1
Oct 15 08:54:58 nirgal kernel: [    0.567899] dmar: IOMMU 1: reg_base_addr fed91000 ver 1:0 cap c9008020660262 ecap f0105a
Oct 15 08:54:58 nirgal kernel: [    0.567900] dmar: RMRR base: 0x000000cadc6000 end: 0x000000cadd5fff
Oct 15 08:54:58 nirgal kernel: [    0.567902] dmar: RMRR base: 0x000000cb800000 end: 0x000000cf9fffff
Oct 15 08:54:58 nirgal kernel: [    0.567955] Simple Boot Flag at 0xf3 set to 0x1
Oct 15 08:54:58 nirgal kernel: [    0.568261] Initialise module verification
Oct 15 08:54:58 nirgal kernel: [    0.568289] audit: initializing netlink socket (disabled)
Oct 15 08:54:58 nirgal kernel: [    0.568297] type=2000 audit(1381827283.564:1): initialized
Oct 15 08:54:58 nirgal kernel: [    0.584363] bounce pool size: 64 pages
Oct 15 08:54:58 nirgal kernel: [    0.584373] HugeTLB registered 2 MB page size, pre-allocated 0 pages
Oct 15 08:54:58 nirgal kernel: [    0.585422] VFS: Disk quotas dquot_6.5.2
Oct 15 08:54:58 nirgal kernel: [    0.585454] Dquot-cache hash table entries: 1024 (order 0, 4096 bytes)
Oct 15 08:54:58 nirgal kernel: [    0.585804] fuse init (API version 7.20)
Oct 15 08:54:58 nirgal kernel: [    0.585855] msgmni has been set to 1659
Oct 15 08:54:58 nirgal kernel: [    0.586169] Key type asymmetric registered
Oct 15 08:54:58 nirgal kernel: [    0.586171] Asymmetric key parser 'x509' registered
Oct 15 08:54:58 nirgal kernel: [    0.586200] Block layer SCSI generic (bsg) driver version 0.4 loaded (major 252)
Oct 15 08:54:58 nirgal kernel: [    0.586219] io scheduler noop registered
Oct 15 08:54:58 nirgal kernel: [    0.586220] io scheduler deadline registered (default)
Oct 15 08:54:58 nirgal kernel: [    0.586226] io scheduler cfq registered
Oct 15 08:54:58 nirgal kernel: [    0.586416] pci_hotplug: PCI Hot Plug PCI Core version: 0.5
Oct 15 08:54:58 nirgal kernel: [    0.586425] pciehp: PCI Express Hot Plug Controller Driver version: 0.4
Oct 15 08:54:58 nirgal kernel: [    0.586471] efifb: probing for efifb
Oct 15 08:54:58 nirgal kernel: [    0.586473] efifb: cannot reserve video memory at 0xa0000
Oct 15 08:54:58 nirgal kernel: [    0.586475] efifb: framebuffer at 0xa0000, mapped to 0xc00a0000, using 56k, total 64k
Oct 15 08:54:58 nirgal kernel: [    0.586476] efifb: mode is 640x350x1, linelength=80, pages=1
Oct 15 08:54:58 nirgal kernel: [    0.586477] efifb: scrolling: redraw
Oct 15 08:54:58 nirgal kernel: [    0.586478] efifb: Truecolor: size=8:8:8:8, shift=24:16:8:0
Oct 15 08:54:58 nirgal kernel: [    0.588083] Console: switching to colour frame buffer device 80x43
Oct 15 08:54:58 nirgal kernel: [    0.589580] fb0: EFI VGA frame buffer device
Oct 15 08:54:58 nirgal kernel: [    0.589583] intel_idle: MWAIT substates: 0x1120
Oct 15 08:54:58 nirgal kernel: [    0.589584] intel_idle: v0.4 model 0x2A
Oct 15 08:54:58 nirgal kernel: [    0.589585] intel_idle: lapic_timer_reliable_states 0xffffffff
Oct 15 08:54:58 nirgal kernel: [    0.589639] input: Power Button as /devices/LNXSYSTM:00/LNXSYBUS:00/PNP0C0C:00/input/input0
Oct 15 08:54:58 nirgal kernel: [    0.589642] ACPI: Power Button [PWRB]
Oct 15 08:54:58 nirgal kernel: [    0.589666] input: Power Button as /devices/LNXSYSTM:00/LNXPWRBN:00/input/input1
Oct 15 08:54:58 nirgal kernel: [    0.589667] ACPI: Power Button [PWRF]
Oct 15 08:54:58 nirgal kernel: [    0.589725] ACPI: Requesting acpi_cpufreq
Oct 15 08:54:58 nirgal kernel: [    0.592019] GHES: HEST is not enabled!
Oct 15 08:54:58 nirgal kernel: [    0.592032] isapnp: Scanning for PnP cards...
Oct 15 08:54:58 nirgal kernel: [    0.592077] Serial: 8250/16550 driver, 32 ports, IRQ sharing enabled
Oct 15 08:54:58 nirgal kernel: [    0.612530] 00:07: ttyS0 at I/O 0x3f8 (irq = 4) is a 16550A
Oct 15 08:54:58 nirgal kernel: [    0.633558] 0000:00:16.3: ttyS4 at I/O 0x30e0 (irq = 17) is a 16550A
Oct 15 08:54:58 nirgal kernel: [    0.633709] Linux agpgart interface v0.103
Oct 15 08:54:58 nirgal kernel: [    0.634551] brd: module loaded
Oct 15 08:54:58 nirgal kernel: [    0.635020] loop: module loaded
Oct 15 08:54:58 nirgal kernel: [    0.635248] libphy: Fixed MDIO Bus: probed
Oct 15 08:54:58 nirgal kernel: [    0.635288] tun: Universal TUN/TAP device driver, 1.6
Oct 15 08:54:58 nirgal kernel: [    0.635289] tun: (C) 1999-2004 Max Krasnyansky <maxk@qualcomm.com>
Oct 15 08:54:58 nirgal kernel: [    0.635313] PPP generic driver version 2.4.2
Oct 15 08:54:58 nirgal kernel: [    0.635338] ehci_hcd: USB 2.0 'Enhanced' Host Controller (EHCI) Driver
Oct 15 08:54:58 nirgal kernel: [    0.635339] ehci-pci: EHCI PCI platform driver
Oct 15 08:54:58 nirgal kernel: [    0.635356] ehci-pci 0000:00:1a.0: setting latency timer to 64
Oct 15 08:54:58 nirgal kernel: [    0.635360] ehci-pci 0000:00:1a.0: EHCI Host Controller
Oct 15 08:54:58 nirgal kernel: [    0.635364] ehci-pci 0000:00:1a.0: new USB bus registered, assigned bus number 1
Oct 15 08:54:58 nirgal kernel: [    0.635376] ehci-pci 0000:00:1a.0: debug port 2
Oct 15 08:54:58 nirgal kernel: [    0.639281] ehci-pci 0000:00:1a.0: cache line size of 64 is not supported
Oct 15 08:54:58 nirgal kernel: [    0.639296] ehci-pci 0000:00:1a.0: irq 16, io mem 0xe1b70000
Oct 15 08:54:58 nirgal kernel: [    0.650934] ehci-pci 0000:00:1a.0: USB 2.0 started, EHCI 1.00
Oct 15 08:54:58 nirgal kernel: [    0.650954] usb usb1: New USB device found, idVendor=1d6b, idProduct=0002
Oct 15 08:54:58 nirgal kernel: [    0.650955] usb usb1: New USB device strings: Mfr=3, Product=2, SerialNumber=1
Oct 15 08:54:58 nirgal kernel: [    0.650957] usb usb1: Product: EHCI Host Controller
Oct 15 08:54:58 nirgal kernel: [    0.650958] usb usb1: Manufacturer: Linux 3.8.0-31-generic ehci_hcd
Oct 15 08:54:58 nirgal kernel: [    0.650959] usb usb1: SerialNumber: 0000:00:1a.0
Oct 15 08:54:58 nirgal kernel: [    0.651028] hub 1-0:1.0: USB hub found
Oct 15 08:54:58 nirgal kernel: [    0.651030] hub 1-0:1.0: 3 ports detected
Oct 15 08:54:58 nirgal kernel: [    0.651105] ehci-pci 0000:00:1d.0: setting latency timer to 64
Oct 15 08:54:58 nirgal kernel: [    0.651108] ehci-pci 0000:00:1d.0: EHCI Host Controller
Oct 15 08:54:58 nirgal kernel: [    0.651110] ehci-pci 0000:00:1d.0: new USB bus registered, assigned bus number 2
Oct 15 08:54:58 nirgal kernel: [    0.651121] ehci-pci 0000:00:1d.0: debug port 2
Oct 15 08:54:58 nirgal kernel: [    0.655024] ehci-pci 0000:00:1d.0: cache line size of 64 is not supported
Oct 15 08:54:58 nirgal kernel: [    0.655036] ehci-pci 0000:00:1d.0: irq 17, io mem 0xe1b50000
Oct 15 08:54:58 nirgal kernel: [    0.666926] ehci-pci 0000:00:1d.0: USB 2.0 started, EHCI 1.00
Oct 15 08:54:58 nirgal kernel: [    0.666940] usb usb2: New USB device found, idVendor=1d6b, idProduct=0002
Oct 15 08:54:58 nirgal kernel: [    0.666941] usb usb2: New USB device strings: Mfr=3, Product=2, SerialNumber=1
Oct 15 08:54:58 nirgal kernel: [    0.666943] usb usb2: Product: EHCI Host Controller
Oct 15 08:54:58 nirgal kernel: [    0.666944] usb usb2: Manufacturer: Linux 3.8.0-31-generic ehci_hcd
Oct 15 08:54:58 nirgal kernel: [    0.666946] usb usb2: SerialNumber: 0000:00:1d.0
Oct 15 08:54:58 nirgal kernel: [    0.667010] hub 2-0:1.0: USB hub found
Oct 15 08:54:58 nirgal kernel: [    0.667012] hub 2-0:1.0: 3 ports detected
Oct 15 08:54:58 nirgal kernel: [    0.667073] ehci-platform: EHCI generic platform driver
Oct 15 08:54:58 nirgal kernel: [    0.667077] ohci_hcd: USB 1.1 'Open' Host Controller (OHCI) Driver
Oct 15 08:54:58 nirgal kernel: [    0.667086] uhci_hcd: USB Universal Host Controller Interface driver
Oct 15 08:54:58 nirgal kernel: [    0.667127] i8042: PNP: No PS/2 controller found. Probing ports directly.
Oct 15 08:54:58 nirgal kernel: [    0.670083] serio: i8042 KBD port at 0x60,0x64 irq 1
Oct 15 08:54:58 nirgal kernel: [    0.670087] serio: i8042 AUX port at 0x60,0x64 irq 12
Oct 15 08:54:58 nirgal kernel: [    0.670154] mousedev: PS/2 mouse device common for all mice
Oct 15 08:54:58 nirgal kernel: [    0.670233] rtc_cmos 00:05: RTC can wake from S4
Oct 15 08:54:58 nirgal kernel: [    0.670338] rtc_cmos 00:05: rtc core: registered rtc_cmos as rtc0
Oct 15 08:54:58 nirgal kernel: [    0.670363] rtc0: alarms up to one year, y3k, 242 bytes nvram, hpet irqs
Oct 15 08:54:58 nirgal kernel: [    0.670422] device-mapper: uevent: version 1.0.3
Oct 15 08:54:58 nirgal kernel: [    0.670461] device-mapper: ioctl: 4.23.1-ioctl (2012-12-18) initialised: dm-devel@redhat.com
Oct 15 08:54:58 nirgal kernel: [    0.670471] EISA: Probing bus 0 at eisa.0
Oct 15 08:54:58 nirgal kernel: [    0.670472] EISA: Cannot allocate resource for mainboard
Oct 15 08:54:58 nirgal kernel: [    0.670473] Cannot allocate resource for EISA slot 1
Oct 15 08:54:58 nirgal kernel: [    0.670474] Cannot allocate resource for EISA slot 2
Oct 15 08:54:58 nirgal kernel: [    0.670475] Cannot allocate resource for EISA slot 3
Oct 15 08:54:58 nirgal kernel: [    0.670476] Cannot allocate resource for EISA slot 4
Oct 15 08:54:58 nirgal kernel: [    0.670477] Cannot allocate resource for EISA slot 5
Oct 15 08:54:58 nirgal kernel: [    0.670478] Cannot allocate resource for EISA slot 6
Oct 15 08:54:58 nirgal kernel: [    0.670479] Cannot allocate resource for EISA slot 7
Oct 15 08:54:58 nirgal kernel: [    0.670480] Cannot allocate resource for EISA slot 8
Oct 15 08:54:58 nirgal kernel: [    0.670481] EISA: Detected 0 cards.
Oct 15 08:54:58 nirgal kernel: [    0.670486] cpufreq-nforce2: No nForce2 chipset.
Oct 15 08:54:58 nirgal kernel: [    0.670531] cpuidle: using governor ladder
Oct 15 08:54:58 nirgal kernel: [    0.670592] cpuidle: using governor menu
Oct 15 08:54:58 nirgal kernel: [    0.670595] ledtrig-cpu: registered to indicate activity on CPUs
Oct 15 08:54:58 nirgal kernel: [    0.670596] EFI Variables Facility v0.08 2004-May-17
Oct 15 08:54:58 nirgal kernel: [    0.670705] ashmem: initialized
Oct 15 08:54:58 nirgal kernel: [    0.670789] TCP: cubic registered
Oct 15 08:54:58 nirgal kernel: [    0.670853] NET: Registered protocol family 10
Oct 15 08:54:58 nirgal kernel: [    0.670986] NET: Registered protocol family 17
Oct 15 08:54:58 nirgal kernel: [    0.670993] Key type dns_resolver registered
Oct 15 08:54:58 nirgal kernel: [    0.671112] Using IPI No-Shortcut mode
Oct 15 08:54:58 nirgal kernel: [    0.671234] Loading module verification certificates
Oct 15 08:54:58 nirgal kernel: [    0.674125] MODSIGN: Loaded cert 'Magrathea: Glacier signing key: be06a87ed5dd6bd2e94b82fbc0aa607728b7aeda'
Oct 15 08:54:58 nirgal kernel: [    0.674132] registered taskstats version 1
Oct 15 08:54:58 nirgal kernel: [    0.675770] Key type trusted registered
Oct 15 08:54:58 nirgal kernel: [    0.677073] Key type encrypted registered
Oct 15 08:54:58 nirgal kernel: [    0.678592] rtc_cmos 00:05: setting system clock to 2013-10-15 08:54:44 UTC (1381827284)
Oct 15 08:54:58 nirgal kernel: [    0.679094] BIOS EDD facility v0.16 2004-Jun-25, 0 devices found
Oct 15 08:54:58 nirgal kernel: [    0.679096] EDD information not available.
Oct 15 08:54:58 nirgal kernel: [    0.945843] isapnp: No Plug & Play device found
Oct 15 08:54:58 nirgal kernel: [    0.945923] Freeing unused kernel memory: 788k freed
Oct 15 08:54:58 nirgal kernel: [    0.946015] Write protecting the kernel text: 6260k
Oct 15 08:54:58 nirgal kernel: [    0.946078] Write protecting the kernel read-only data: 2436k
Oct 15 08:54:58 nirgal kernel: [    0.946079] NX-protecting the kernel data: 3980k
Oct 15 08:54:58 nirgal kernel: [    0.962865] usb 1-1: new high-speed USB device number 2 using ehci-pci
Oct 15 08:54:58 nirgal kernel: [    0.970881] Disabling lock debugging due to kernel taint
Oct 15 08:54:58 nirgal kernel: [    0.971309] ahci 0000:00:1f.2: version 3.0
Oct 15 08:54:58 nirgal kernel: [    0.971355] ahci 0000:00:1f.2: irq 40 for MSI/MSI-X
Oct 15 08:54:58 nirgal kernel: [    0.971399] ahci 0000:00:1f.2: AHCI 0001.0300 32 slots 6 ports 6 Gbps 0x3 impl SATA mode
Oct 15 08:54:58 nirgal kernel: [    0.971401] ahci 0000:00:1f.2: flags: 64bit ncq sntf pm led clo pio slum part ems apst 
Oct 15 08:54:58 nirgal kernel: [    0.971405] ahci 0000:00:1f.2: setting latency timer to 64
Oct 15 08:54:58 nirgal kernel: [    0.977732] [drm] Initialized drm 1.1.0 20060810
Oct 15 08:54:58 nirgal kernel: [    0.984485] scsi0 : ahci
Oct 15 08:54:58 nirgal kernel: [    0.984897] scsi1 : ahci
Oct 15 08:54:58 nirgal kernel: [    0.984941] scsi2 : ahci
Oct 15 08:54:58 nirgal kernel: [    0.984978] scsi3 : ahci
Oct 15 08:54:58 nirgal kernel: [    0.985107] scsi4 : ahci
Oct 15 08:54:58 nirgal kernel: [    0.985146] scsi5 : ahci
Oct 04 04:04:04 nirgal kernel: [   30.931056] restarting
Oct 15 08:54:58 nirgal kernel: [    0.985176] ata1: SATA max UDMA/133 abar m2048@0xe1b40000 port 0xe1b40100 irq 40
Oct 15 08:54:58 nirgal kernel: [    0.985178] ata2: SATA max UDMA/133 abar m2048@0xe1b40000 port 0xe1b40180 irq 40
Oct 15 08:54:58 nirgal kernel: [    0.985179] ata3: DUMMY
Oct 15 08:54:58 nirgal kernel: [    0.985180] ata4: DUMMY
Oct 15 08:54:58 nirgal kernel: [    0.985181] ata5: DUMMY
Oct 15 08:54:58 nirgal kernel: [    0.985182] ata6: DUMMY
Oct 15 08:54:58 nirgal kernel: [    0.987980] e1000e: Intel(R) PRO/1000 Network Driver - 2.1.4-k
Oct 15 08:54:58 nirgal kernel: [    0.987982] e1000e: Copyright(c) 1999 - 2012 Intel Corporation.
Oct 15 08:54:58 nirgal kernel: [    0.988011] e1000e 0000:00:19.0: setting latency timer to 64
Oct 15 08:54:58 nirgal kernel: [    0.988056] e1000e 0000:00:19.0: Interrupt Throttling Rate (ints/sec) set to dynamic conservative mode
Oct 15 08:54:58 nirgal kernel: [    0.988085] e1000e 0000:00:19.0: irq 41 for MSI/MSI-X
Oct 15 08:54:58 nirgal kernel: [    1.095298] usb 1-1: New USB device found, idVendor=8087, idProduct=0024
Oct 15 08:54:58 nirgal kernel: [    1.095304] usb 1-1: New USB device strings: Mfr=0, Product=0, SerialNumber=0
Oct 15 08:54:58 nirgal kernel: [    1.095544] hub 1-1:1.0: USB hub found
Oct 15 08:54:58 nirgal kernel: [    1.095639] hub 1-1:1.0: 6 ports detected
Oct 15 08:54:58 nirgal kernel: [    1.193034] e1000e 0000:00:19.0 eth0: (PCI Express:2.5GT/s:Width x1) 18:03:73:e2:0b:a3
Oct 15 08:54:58 nirgal kernel: [    1.193037] e1000e 0000:00:19.0 eth0: Intel(R) PRO/1000 Network Connection
Oct 15 08:54:58 nirgal kernel: [    1.193073] e1000e 0000:00:19.0 eth0: MAC: 10, PHY: 11, PBA No: E041FF-0FF
Oct 15 08:54:58 nirgal kernel: [    1.193475] [drm] Memory usable by graphics device = 2048M
Oct 15 08:54:58 nirgal kernel: [    1.193478] checking generic (a0000 e000) vs hw (d0000000 10000000)
Oct 15 08:54:58 nirgal kernel: [    1.193479] fb: conflicting fb hw usage inteldrmfb vs EFI VGA - removing generic driver
Oct 15 08:54:58 nirgal kernel: [    1.193489] Console: switching to colour dummy device 80x25
Oct 15 08:54:58 nirgal kernel: [    1.193539] i915 0000:00:02.0: setting latency timer to 64
Oct 15 08:54:58 nirgal kernel: [    1.193740] i915 0000:00:02.0: irq 42 for MSI/MSI-X
Oct 15 08:54:58 nirgal kernel: [    1.193753] [drm] Supports vblank timestamp caching Rev 1 (10.10.2010).
Oct 15 08:54:58 nirgal kernel: [    1.193754] [drm] Driver supports precise vblank timestamp query.
Oct 15 08:54:58 nirgal kernel: [    1.193777] vgaarb: device changed decodes: PCI:0000:00:02.0,olddecodes=io+mem,decodes=io+mem:owns=io+mem
Oct 15 08:54:58 nirgal kernel: [    1.206828] usb 2-1: new high-speed USB device number 2 using ehci-pci
Oct 15 08:54:58 nirgal kernel: [    1.302830] ata2: SATA link up 1.5 Gbps (SStatus 113 SControl 300)
Oct 15 08:54:58 nirgal kernel: [    1.302861] ata1: SATA link up 6.0 Gbps (SStatus 133 SControl 300)
Oct 15 08:54:58 nirgal kernel: [    1.303891] ata1.00: ATA-8: WDC WD2500AAKX-753CA1, 19.01H19, max UDMA/133
Oct 15 08:54:58 nirgal kernel: [    1.303896] ata1.00: 488397168 sectors, multi 16: LBA48 NCQ (depth 31/32), AA
Oct 15 08:54:58 nirgal kernel: [    1.305025] ata1.00: configured for UDMA/133
Oct 15 08:54:58 nirgal kernel: [    1.305217] scsi 0:0:0:0: Direct-Access     ATA      WDC WD2500AAKX-7 19.0 PQ: 0 ANSI: 5
Oct 15 08:54:58 nirgal kernel: [    1.305354] sd 0:0:0:0: [sda] 488397168 512-byte logical blocks: (250 GB/232 GiB)
Oct 15 08:54:58 nirgal kernel: [    1.305376] sd 0:0:0:0: Attached scsi generic sg0 type 0
Oct 15 08:54:58 nirgal kernel: [    1.305569] sd 0:0:0:0: [sda] Write Protect is off
Oct 15 08:54:58 nirgal kernel: [    1.305572] sd 0:0:0:0: [sda] Mode Sense: 00 3a 00 00
Oct 15 08:54:58 nirgal kernel: [    1.305626] sd 0:0:0:0: [sda] Write cache: enabled, read cache: enabled, doesn't support DPO or FUA
Oct 15 08:54:58 nirgal kernel: [    1.305972] ata2.00: ATAPI: HL-DT-ST DVD+/-RW GH70N, A101, max UDMA/100
Oct 15 08:54:58 nirgal kernel: [    1.310316] ata2.00: configured for UDMA/100
Oct 15 08:54:58 nirgal kernel: [    1.325735] scsi 1:0:0:0: CD-ROM            HL-DT-ST DVD+-RW GH70N    A101 PQ: 0 ANSI: 5
Oct 15 08:54:58 nirgal kernel: [    1.334229] sr0: scsi3-mmc drive: 48x/48x writer dvd-ram cd/rw xa/form2 cdda tray
Oct 15 08:54:58 nirgal kernel: [    1.334233] cdrom: Uniform CD-ROM driver Revision: 3.20
Oct 15 08:54:58 nirgal kernel: [    1.334381] sr 1:0:0:0: Attached scsi CD-ROM sr0
Oct 15 08:54:58 nirgal kernel: [    1.334423] sr 1:0:0:0: Attached scsi generic sg1 type 5
Oct 15 08:54:58 nirgal kernel: [    1.339097] usb 2-1: New USB device found, idVendor=8087, idProduct=0024
Oct 15 08:54:58 nirgal kernel: [    1.339102] usb 2-1: New USB device strings: Mfr=0, Product=0, SerialNumber=0
Oct 15 08:54:58 nirgal kernel: [    1.339348] hub 2-1:1.0: USB hub found
Oct 15 08:54:58 nirgal kernel: [    1.339458] hub 2-1:1.0: 8 ports detected
Oct 15 08:54:58 nirgal kernel: [    1.357361]  sda: sda1 sda2 sda3 < sda5 sda6 >
Oct 15 08:54:58 nirgal kernel: [    1.358329] sd 0:0:0:0: [sda] Attached SCSI disk
Oct 15 08:54:58 nirgal kernel: [    1.461498] fbcon: inteldrmfb (fb0) is primary device
Oct 15 08:54:58 nirgal kernel: [    1.566730] tsc: Refined TSC clocksource calibration: 3092.975 MHz
Oct 15 08:54:58 nirgal kernel: [    1.566734] Switching to clocksource tsc
Oct 15 08:54:58 nirgal kernel: [    1.610757] usb 2-1.2: new low-speed USB device number 3 using ehci-pci
Oct 15 08:54:58 nirgal kernel: [    1.708470] usb 2-1.2: New USB device found, idVendor=413c, idProduct=2107
Oct 15 08:54:58 nirgal kernel: [    1.708472] usb 2-1.2: New USB device strings: Mfr=1, Product=2, SerialNumber=0
Oct 15 08:54:58 nirgal kernel: [    1.708474] usb 2-1.2: Product: Dell USB Entry Keyboard
Oct 15 08:54:58 nirgal kernel: [    1.708476] usb 2-1.2: Manufacturer: DELL
Oct 15 08:54:58 nirgal kernel: [    1.721648] usbcore: registered new interface driver usbhid
Oct 15 08:54:58 nirgal kernel: [    1.721648] usbhid: USB HID core driver
Oct 15 08:54:58 nirgal kernel: [    1.725577] input: DELL Dell USB Entry Keyboard as /devices/pci0000:00/0000:00:1d.0/usb2/2-1/2-1.2/2-1.2:1.0/input/input2
Oct 15 08:54:58 nirgal kernel: [    1.725646] hid-generic 0003:413C:2107.0001: input,hidraw0: USB HID v1.10 Keyboard [DELL Dell USB Entry Keyboard] on usb-0000:00:1d.0-1.2/input0
Oct 15 08:54:58 nirgal kernel: [    1.778724] usb 2-1.6: new low-speed USB device number 4 using ehci-pci
Oct 15 08:54:58 nirgal kernel: [    1.870698] Console: switching to colour frame buffer device 160x128
Oct 15 08:54:58 nirgal kernel: [    1.873659] i915 0000:00:02.0: fb0: inteldrmfb frame buffer device
Oct 15 08:54:58 nirgal kernel: [    1.873660] i915 0000:00:02.0: registered panic notifier
Oct 15 08:54:58 nirgal kernel: [    1.873953] acpi device:01: registered as cooling_device4
Oct 15 08:54:58 nirgal kernel: [    1.874054] ACPI: Video Device [GFX0] (multi-head: yes  rom: no  post: no)
Oct 15 08:54:58 nirgal kernel: [    1.874087] input: Video Bus as /devices/LNXSYSTM:00/LNXSYBUS:00/PNP0A08:00/LNXVIDEO:00/input/input3
Oct 15 08:54:58 nirgal kernel: [    1.874133] [drm] Initialized i915 1.6.0 20080730 for 0000:00:02.0 on minor 0
Oct 15 08:54:58 nirgal kernel: [    1.874304] usb 2-1.6: New USB device found, idVendor=0461, idProduct=4d81
Oct 15 08:54:58 nirgal kernel: [    1.874306] usb 2-1.6: New USB device strings: Mfr=0, Product=2, SerialNumber=0
Oct 15 08:54:58 nirgal kernel: [    1.874308] usb 2-1.6: Product: USB Optical Mouse
Oct 15 08:54:58 nirgal kernel: [    1.876686] input: USB Optical Mouse as /devices/pci0000:00/0000:00:1d.0/usb2/2-1/2-1.6/2-1.6:1.0/input/input4
Oct 15 08:54:58 nirgal kernel: [    1.876743] hid-generic 0003:0461:4D81.0002: input,hidraw1: USB HID v1.11 Mouse [USB Optical Mouse] on usb-0000:00:1d.0-1.6/input0
Oct 15 08:54:58 nirgal kernel: [    2.798842] [drm] Enabling RC6 states: RC6 on, RC6p off, RC6pp off
Oct 15 08:54:58 nirgal kernel: [    4.094037] EXT4-fs (sda5): mounted filesystem with ordered data mode. Opts: (null)
Oct 15 08:54:58 nirgal kernel: [    7.516555] Adding 4071420k swap on /dev/sda6.  Priority:-1 extents:1 across:4071420k 
Oct 15 08:54:58 nirgal kernel: [    9.070072] IPv6: ADDRCONF(NETDEV_UP): eth0: link is not ready
Oct 15 08:54:58 nirgal kernel: [   10.995064] lp: driver loaded but no devices found
Oct 15 08:54:58 nirgal kernel: [   11.192945] EXT4-fs (sda5): re-mounted. Opts: errors=remount-ro,user_xattr
Oct 15 08:54:58 nirgal kernel: [   12.514179] dcdbas dcdbas: Dell Systems Management Base Driver (version 5.6.0-3.2)
Oct 15 08:54:58 nirgal kernel: [   12.630417] microcode: CPU0 sig=0x206a7, pf=0x2, revision=0x18
Oct 15 08:54:58 nirgal kernel: [   12.647505] ACPI Warning: 0x00000428-0x0000042f SystemIO conflicts with Region \PMIO 1 (20121018/utaddress-251)
Oct 15 08:54:58 nirgal kernel: [   12.647510] ACPI: If an ACPI driver is available for this device, you should use it instead of the native driver
Oct 15 08:54:58 nirgal kernel: [   12.647513] ACPI Warning: 0x00000540-0x0000054f SystemIO conflicts with Region \GPIO 1 (20121018/utaddress-251)
Oct 15 08:54:58 nirgal kernel: [   12.647515] ACPI: If an ACPI driver is available for this device, you should use it instead of the native driver
Oct 15 08:54:58 nirgal kernel: [   12.647516] ACPI Warning: 0x00000530-0x0000053f SystemIO conflicts with Region \GPIO 1 (20121018/utaddress-251)
Oct 15 08:54:58 nirgal kernel: [   12.647518] ACPI: If an ACPI driver is available for this device, you should use it instead of the native driver
Oct 15 08:54:58 nirgal kernel: [   12.647519] ACPI Warning: 0x00000500-0x0000052f SystemIO conflicts with Region \GPIO 1 (20121018/utaddress-251)
Oct 15 08:54:58 nirgal kernel: [   12.647521] ACPI: If an ACPI driver is available for this device, you should use it instead of the native driver
Oct 15 08:54:58 nirgal kernel: [   12.647522] lpc_ich: Resource conflict(s) found affecting gpio_ich
Oct 15 08:54:58 nirgal kernel: [   12.743881] mei 0000:00:16.0: setting latency timer to 64
Oct 15 08:54:58 nirgal kernel: [   12.743931] mei 0000:00:16.0: irq 43 for MSI/MSI-X
Oct 15 08:54:58 nirgal kernel: [   13.011702] microcode: CPU1 sig=0x206a7, pf=0x2, revision=0x18
Oct 15 08:54:58 nirgal kernel: [   13.012510] microcode: CPU2 sig=0x206a7, pf=0x2, revision=0x18
Oct 15 08:54:58 nirgal kernel: [   13.013215] microcode: CPU3 sig=0x206a7, pf=0x2, revision=0x18
Oct 15 08:54:58 nirgal kernel: [   13.014018] microcode: Microcode Update Driver: v2.00 <tigran@aivazian.fsnet.co.uk>, Peter Oruba
Oct 15 08:54:58 nirgal kernel: [   13.259499] cfg80211: Calling CRDA to update world regulatory domain
Oct 15 08:54:58 nirgal kernel: [   13.932098] rt2500pci 0000:03:02.0: setting latency timer to 64
Oct 15 08:54:58 nirgal kernel: [   14.147214] snd_hda_intel 0000:00:1b.0: irq 44 for MSI/MSI-X
Oct 15 08:54:58 nirgal kernel: [   14.175322] ieee80211 phy0: Selected rate control algorithm 'minstrel_ht'
Oct 15 08:54:58 nirgal kernel: [   14.270406] hda_codec: ALC269VB: SKU not ready 0x411111f0
Oct 15 08:54:58 nirgal kernel: [   14.298012] input: HDA Intel PCH HDMI/DP,pcm=3 as /devices/pci0000:00/0000:00:1b.0/sound/card0/input5
Oct 15 08:54:58 nirgal kernel: [   14.298080] input: HDA Intel PCH Front Mic as /devices/pci0000:00/0000:00:1b.0/sound/card0/input6
Oct 15 08:54:58 nirgal kernel: [   14.298121] input: HDA Intel PCH Rear Mic as /devices/pci0000:00/0000:00:1b.0/sound/card0/input7
Oct 15 08:54:58 nirgal kernel: [   14.298162] input: HDA Intel PCH Front Headphone as /devices/pci0000:00/0000:00:1b.0/sound/card0/input8
Oct 15 08:54:58 nirgal kernel: [   14.298215] input: HDA Intel PCH Line Out as /devices/pci0000:00/0000:00:1b.0/sound/card0/input9
Oct 15 08:54:58 nirgal kernel: [   14.567184] type=1400 audit(1381845298.384:2): apparmor="STATUS" operation="profile_load" name="/sbin/dhclient" pid=748 comm="apparmor_parser"
Oct 15 08:54:58 nirgal kernel: [   14.567213] type=1400 audit(1381845298.384:3): apparmor="STATUS" operation="profile_replace" name="/sbin/dhclient" pid=717 comm="apparmor_parser"
Oct 15 08:54:58 nirgal kernel: [   14.567236] type=1400 audit(1381845298.384:4): apparmor="STATUS" operation="profile_replace" name="/sbin/dhclient" pid=725 comm="apparmor_parser"
Oct 15 08:54:58 nirgal kernel: [   14.567486] type=1400 audit(1381845298.384:5): apparmor="STATUS" operation="profile_load" name="/usr/lib/NetworkManager/nm-dhcp-client.action" pid=748 comm="apparmor_parser"
Oct 15 08:54:58 nirgal kernel: [   14.567515] type=1400 audit(1381845298.384:6): apparmor="STATUS" operation="profile_replace" name="/usr/lib/NetworkManager/nm-dhcp-client.action" pid=717 comm="apparmor_parser"
Oct 15 08:54:58 nirgal kernel: [   14.567538] type=1400 audit(1381845298.384:7): apparmor="STATUS" operation="profile_replace" name="/usr/lib/NetworkManager/nm-dhcp-client.action" pid=725 comm="apparmor_parser"
Oct 15 08:54:58 nirgal kernel: [   14.567647] type=1400 audit(1381845298.384:8): apparmor="STATUS" operation="profile_load" name="/usr/lib/connman/scripts/dhclient-script" pid=748 comm="apparmor_parser"
Oct 15 08:54:58 nirgal kernel: [   14.567676] type=1400 audit(1381845298.384:9): apparmor="STATUS" operation="profile_replace" name="/usr/lib/connman/scripts/dhclient-script" pid=717 comm="apparmor_parser"
Oct 15 08:54:58 nirgal kernel: [   14.567700] type=1400 audit(1381845298.384:10): apparmor="STATUS" operation="profile_replace" name="/usr/lib/connman/scripts/dhclient-script" pid=725 comm="apparmor_parser"
Oct 15 08:54:59 nirgal kernel: [   15.580150] cfg80211: World regulatory domain updated:
Oct 15 08:54:59 nirgal kernel: [   15.580153] cfg80211:   (start_freq - end_freq @ bandwidth), (max_antenna_gain, max_eirp)
Oct 15 08:54:59 nirgal kernel: [   15.580154] cfg80211:   (2402000 KHz - 2472000 KHz @ 40000 KHz), (300 mBi, 2000 mBm)
Oct 15 08:54:59 nirgal kernel: [   15.580156] cfg80211:   (2457000 KHz - 2482000 KHz @ 20000 KHz), (300 mBi, 2000 mBm)
Oct 15 08:54:59 nirgal kernel: [   15.580157] cfg80211:   (2474000 KHz - 2494000 KHz @ 20000 KHz), (300 mBi, 2000 mBm)
Oct 15 08:54:59 nirgal kernel: [   15.580158] cfg80211:   (5170000 KHz - 5250000 KHz @ 40000 KHz), (300 mBi, 2000 mBm)
Oct 15 08:54:59 nirgal kernel: [   15.580159] cfg80211:   (5735000 KHz - 5835000 KHz @ 40000 KHz), (300 mBi, 2000 mBm)
Oct 15 08:55:01 nirgal kernel: [   18.124474] type=1400 audit(1381845301.948:11): apparmor="STATUS" operation="profile_load" name="/usr/share/gdm/guest-session/Xsession" pid=853 comm="apparmor_parser"
Oct 15 08:55:04 nirgal cron[910]: (CRON) INFO (pidfile fd = 3)
Oct 15 08:55:04 nirgal anacron[926]: Anacron 2.3 started on 2013-10-15
Oct 15 08:55:04 nirgal acpid: starting up with proc fs
Oct 15 08:55:04 nirgal kernel: [   20.505802] audit_printk_skb: 78 callbacks suppressed
Oct 15 08:55:04 nirgal kernel: [   20.505805] type=1400 audit(1381845304.324:38): apparmor="STATUS" operation="profile_replace" name="/usr/sbin/mysqld" pid=940 comm="apparmor_parser"
Oct 15 08:55:04 nirgal cron[967]: (CRON) STARTUP (fork ok)
Oct 15 08:55:04 nirgal anacron[926]: Normal exit (0 jobs run)
Oct 15 08:55:05 nirgal acpid: 33 rules loaded
Oct 15 08:55:05 nirgal acpid: waiting for events: event logging is off
Oct 15 08:55:05 nirgal dhcpd: Internet Systems Consortium DHCP Server 4.2.4
Oct 15 08:55:05 nirgal dhcpd: Copyright 2004-2012 Internet Systems Consortium.
Oct 15 08:55:05 nirgal dhcpd: All rights reserved.
Oct 15 08:55:05 nirgal dhcpd: For info, please visit https://www.isc.org/software/dhcp/
Oct 15 08:55:05 nirgal cron[967]: (CRON) INFO (Running @reboot jobs)
Oct 15 08:55:05 nirgal dhcpd: Internet Systems Consortium DHCP Server 4.2.4
Oct 15 08:55:05 nirgal dhcpd: Copyright 2004-2012 Internet Systems Consortium.
Oct 15 08:55:05 nirgal dhcpd: All rights reserved.
Oct 15 08:55:05 nirgal dhcpd: For info, please visit https://www.isc.org/software/dhcp/
Oct 15 08:55:05 nirgal dhcpd: Wrote 0 leases to leases file.
Oct 15 08:55:06 nirgal ntpdate[992]: Can't find host ntp.ubuntu.com: System error (-11)
Oct 15 08:55:06 nirgal ntpdate[992]: no servers can be used, exiting
Oct 15 08:55:06 nirgal dhcpd: 
Oct 15 08:55:06 nirgal dhcpd: Not configured to listen on any interfaces!
Oct 15 08:55:06 nirgal dhcpd: Internet Systems Consortium DHCP Server 4.2.4
Oct 15 08:55:06 nirgal dhcpd: Copyright 2004-2012 Internet Systems Consortium.
Oct 15 08:55:06 nirgal dhcpd: All rights reserved.
Oct 15 08:55:06 nirgal dhcpd: For info, please visit https://www.isc.org/software/dhcp/
Oct 15 08:55:06 nirgal dhcpd: Internet Systems Consortium DHCP Server 4.2.4
Oct 15 08:55:06 nirgal dhcpd: Copyright 2004-2012 Internet Systems Consortium.
Oct 15 08:55:06 nirgal dhcpd: All rights reserved.
Oct 15 08:55:06 nirgal dhcpd: For info, please visit https://www.isc.org/software/dhcp/
Oct 15 08:55:06 nirgal dhcpd: Wrote 0 leases to leases file.
Oct 15 08:55:06 nirgal dhcpd: 
Oct 15 08:55:06 nirgal dhcpd: Not configured to listen on any interfaces!
Oct 15 08:55:06 nirgal dhcpd: Internet Systems Consortium DHCP Server 4.2.4
Oct 15 08:55:06 nirgal dhcpd: Copyright 2004-2012 Internet Systems Consortium.
Oct 15 08:55:06 nirgal dhcpd: All rights reserved.
Oct 15 08:55:06 nirgal dhcpd: For info, please visit https://www.isc.org/software/dhcp/
Oct 15 08:55:06 nirgal dhcpd: Internet Systems Consortium DHCP Server 4.2.4
Oct 15 08:55:06 nirgal dhcpd: Copyright 2004-2012 Internet Systems Consortium.
Oct 15 08:55:06 nirgal dhcpd: All rights reserved.
Oct 15 08:55:06 nirgal dhcpd: For info, please visit https://www.isc.org/software/dhcp/
Oct 15 08:55:06 nirgal dhcpd: Wrote 0 leases to leases file.
Oct 15 08:55:06 nirgal bluetoothd[1039]: Bluetooth daemon 4.101
Oct 15 08:55:07 nirgal bluetoothd[1039]: Starting SDP server
Oct 15 08:55:07 nirgal dhcpd: 
Oct 15 08:55:07 nirgal dhcpd: Not configured to listen on any interfaces!
Oct 15 08:55:07 nirgal dhcpd: Internet Systems Consortium DHCP Server 4.2.4
Oct 15 08:55:07 nirgal dhcpd: Copyright 2004-2012 Internet Systems Consortium.
Oct 15 08:55:07 nirgal dhcpd: All rights reserved.
Oct 15 08:55:07 nirgal dhcpd: For info, please visit https://www.isc.org/software/dhcp/
Oct 15 08:55:07 nirgal dhcpd: Internet Systems Consortium DHCP Server 4.2.4
Oct 15 08:55:07 nirgal dhcpd: Copyright 2004-2012 Internet Systems Consortium.
Oct 15 08:55:07 nirgal dhcpd: All rights reserved.
Oct 15 08:55:07 nirgal dhcpd: For info, please visit https://www.isc.org/software/dhcp/
Oct 15 08:55:07 nirgal dhcpd: Wrote 0 leases to leases file.
Oct 15 08:55:07 nirgal dhcpd: 
Oct 15 08:55:07 nirgal dhcpd: Not configured to listen on any interfaces!
Oct 15 08:55:07 nirgal dhcpd: Internet Systems Consortium DHCP Server 4.2.4
Oct 15 08:55:07 nirgal dhcpd: Copyright 2004-2012 Internet Systems Consortium.
Oct 15 08:55:07 nirgal dhcpd: All rights reserved.
Oct 15 08:55:07 nirgal dhcpd: For info, please visit https://www.isc.org/software/dhcp/
Oct 15 08:55:07 nirgal dhcpd: Internet Systems Consortium DHCP Server 4.2.4
Oct 15 08:55:07 nirgal dhcpd: Copyright 2004-2012 Internet Systems Consortium.
Oct 15 08:55:07 nirgal dhcpd: All rights reserved.
Oct 15 08:55:07 nirgal dhcpd: For info, please visit https://www.isc.org/software/dhcp/
Oct 15 08:55:07 nirgal dhcpd: Wrote 0 leases to leases file.
Oct 15 08:55:07 nirgal modem-manager[1036]: <info>  ModemManager (version 0.6.0.0) starting...
Oct 15 08:55:07 nirgal kernel: [   23.695137] Bluetooth: Core ver 2.16
Oct 15 08:55:07 nirgal kernel: [   23.695151] NET: Registered protocol family 31
Oct 15 08:55:07 nirgal kernel: [   23.695152] Bluetooth: HCI device and connection manager initialized
Oct 15 08:55:07 nirgal kernel: [   23.695157] Bluetooth: HCI socket layer initialized
Oct 15 08:55:07 nirgal kernel: [   23.695159] Bluetooth: L2CAP socket layer initialized
Oct 15 08:55:07 nirgal kernel: [   23.695162] Bluetooth: SCO socket layer initialized
Oct 15 08:55:07 nirgal bluetoothd[1039]: DIS cannot start: GATT is disabled
Oct 15 08:55:07 nirgal bluetoothd[1039]: Failed to init deviceinfo plugin
Oct 15 08:55:07 nirgal bluetoothd[1039]: Failed to init proximity plugin
Oct 15 08:55:07 nirgal bluetoothd[1039]: Failed to init time plugin
Oct 15 08:55:07 nirgal bluetoothd[1039]: Failed to init alert plugin
Oct 15 08:55:07 nirgal bluetoothd[1039]: Failed to init thermometer plugin
Oct 15 08:55:07 nirgal dhcpd: 
Oct 15 08:55:07 nirgal dhcpd: Not configured to listen on any interfaces!
Oct 15 08:55:07 nirgal dhcpd: Internet Systems Consortium DHCP Server 4.2.4
Oct 15 08:55:07 nirgal dhcpd: Copyright 2004-2012 Internet Systems Consortium.
Oct 15 08:55:07 nirgal dhcpd: All rights reserved.
Oct 15 08:55:07 nirgal dhcpd: For info, please visit https://www.isc.org/software/dhcp/
Oct 15 08:55:07 nirgal dhcpd: Internet Systems Consortium DHCP Server 4.2.4
Oct 15 08:55:07 nirgal dhcpd: Copyright 2004-2012 Internet Systems Consortium.
Oct 15 08:55:07 nirgal dhcpd: All rights reserved.
Oct 15 08:55:07 nirgal dhcpd: For info, please visit https://www.isc.org/software/dhcp/
Oct 15 08:55:07 nirgal dhcpd: Wrote 0 leases to leases file.
Oct 15 08:55:07 nirgal kernel: [   23.983096] Bluetooth: RFCOMM TTY layer initialized
Oct 15 08:55:07 nirgal kernel: [   23.983105] Bluetooth: RFCOMM socket layer initialized
Oct 15 08:55:07 nirgal kernel: [   23.983106] Bluetooth: RFCOMM ver 1.11
Oct 15 08:55:07 nirgal avahi-daemon[1103]: Found user 'avahi' (UID 104) and group 'avahi' (GID 109).
Oct 15 08:55:07 nirgal avahi-daemon[1103]: Successfully dropped root privileges.
Oct 15 08:55:07 nirgal avahi-daemon[1103]: avahi-daemon 0.6.31 starting up.
Oct 15 08:55:07 nirgal dhcpd: 
Oct 15 08:55:07 nirgal dhcpd: Not configured to listen on any interfaces!
Oct 15 08:55:08 nirgal kernel: [   24.199606] Bluetooth: BNEP (Ethernet Emulation) ver 1.3
Oct 15 08:55:08 nirgal kernel: [   24.199608] Bluetooth: BNEP filters: protocol multicast
Oct 15 08:55:08 nirgal kernel: [   24.199613] Bluetooth: BNEP socket layer initialized
Oct 15 08:55:08 nirgal dhcpd: Internet Systems Consortium DHCP Server 4.2.4
Oct 15 08:55:08 nirgal dhcpd: Copyright 2004-2012 Internet Systems Consortium.
Oct 15 08:55:08 nirgal dhcpd: All rights reserved.
Oct 15 08:55:08 nirgal dhcpd: For info, please visit https://www.isc.org/software/dhcp/
Oct 15 08:55:08 nirgal dhcpd: Internet Systems Consortium DHCP Server 4.2.4
Oct 15 08:55:08 nirgal dhcpd: Copyright 2004-2012 Internet Systems Consortium.
Oct 15 08:55:08 nirgal dhcpd: All rights reserved.
Oct 15 08:55:08 nirgal dhcpd: For info, please visit https://www.isc.org/software/dhcp/
Oct 15 08:55:08 nirgal dhcpd: Wrote 0 leases to leases file.
Oct 15 08:55:08 nirgal kernel: [   24.264184] ppdev: user-space parallel port driver
Oct 15 08:55:08 nirgal avahi-daemon[1103]: Successfully called chroot().
Oct 15 08:55:08 nirgal avahi-daemon[1103]: Successfully dropped remaining capabilities.
Oct 15 08:55:08 nirgal avahi-daemon[1103]: Loading service file /services/udisks.service.
Oct 15 08:55:08 nirgal dhcpd: 
Oct 15 08:55:08 nirgal dhcpd: Not configured to listen on any interfaces!
Oct 15 08:55:08 nirgal dhcpd: Internet Systems Consortium DHCP Server 4.2.4
Oct 15 08:55:08 nirgal dhcpd: Copyright 2004-2012 Internet Systems Consortium.
Oct 15 08:55:08 nirgal dhcpd: All rights reserved.
Oct 15 08:55:08 nirgal dhcpd: For info, please visit https://www.isc.org/software/dhcp/
Oct 15 08:55:08 nirgal bluetoothd[1039]: Failed to init gatt_example plugin
Oct 15 08:55:08 nirgal bluetoothd[1039]: Bluetooth Management interface initialized
Oct 15 08:55:08 nirgal dhcpd: Internet Systems Consortium DHCP Server 4.2.4
Oct 15 08:55:08 nirgal dhcpd: Copyright 2004-2012 Internet Systems Consortium.
Oct 15 08:55:08 nirgal dhcpd: All rights reserved.
Oct 15 08:55:08 nirgal dhcpd: For info, please visit https://www.isc.org/software/dhcp/
Oct 15 08:55:08 nirgal dhcpd: Wrote 0 leases to leases file.
Oct 15 08:55:08 nirgal kernel: [   24.467616] parport0: PC-style at 0x378 (0x778) [PCSPP,TRISTATE]
Oct 15 08:55:08 nirgal kernel: [   24.593785] parport0: irq 7 detected
Oct 15 08:55:08 nirgal dhcpd: 
Oct 15 08:55:08 nirgal dhcpd: Not configured to listen on any interfaces!
Oct 15 08:55:08 nirgal dhcpd: Internet Systems Consortium DHCP Server 4.2.4
Oct 15 08:55:08 nirgal dhcpd: Copyright 2004-2012 Internet Systems Consortium.
Oct 15 08:55:08 nirgal dhcpd: All rights reserved.
Oct 15 08:55:08 nirgal dhcpd: For info, please visit https://www.isc.org/software/dhcp/
Oct 15 08:55:08 nirgal dhcpd: Internet Systems Consortium DHCP Server 4.2.4
Oct 15 08:55:08 nirgal dhcpd: Copyright 2004-2012 Internet Systems Consortium.
Oct 15 08:55:08 nirgal dhcpd: All rights reserved.
Oct 15 08:55:08 nirgal dhcpd: For info, please visit https://www.isc.org/software/dhcp/
Oct 15 08:55:08 nirgal dhcpd: Wrote 0 leases to leases file.
Oct 15 08:55:08 nirgal kernel: [   24.689886] lp0: using parport0 (polling).
Oct 15 08:55:08 nirgal kernel: [   24.695537] type=1400 audit(1381845308.516:39): apparmor="STATUS" operation="profile_replace" name="/usr/lib/cups/backend/cups-pdf" pid=1161 comm="apparmor_parser"
Oct 15 08:55:08 nirgal kernel: [   24.695881] type=1400 audit(1381845308.516:40): apparmor="STATUS" operation="profile_replace" name="/usr/sbin/cupsd" pid=1161 comm="apparmor_parser"
Oct 15 08:55:08 nirgal avahi-daemon[1103]: Network interface enumeration completed.
Oct 15 08:55:08 nirgal avahi-daemon[1103]: Registering HINFO record with values 'I686'/'LINUX'.
Oct 15 08:55:08 nirgal avahi-daemon[1103]: Server startup complete. Host name is nirgal.local. Local service cookie is 1559726134.
Oct 15 08:55:08 nirgal avahi-daemon[1103]: Service "nirgal" (/services/udisks.service) successfully established.
Oct 15 08:55:08 nirgal dhcpd: 
Oct 15 08:55:08 nirgal dhcpd: Not configured to listen on any interfaces!
Oct 15 08:55:08 nirgal dhcpd: Internet Systems Consortium DHCP Server 4.2.4
Oct 15 08:55:08 nirgal dhcpd: Copyright 2004-2012 Internet Systems Consortium.
Oct 15 08:55:08 nirgal dhcpd: All rights reserved.
Oct 15 08:55:08 nirgal dhcpd: For info, please visit https://www.isc.org/software/dhcp/
Oct 15 08:55:08 nirgal dhcpd: Internet Systems Consortium DHCP Server 4.2.4
Oct 15 08:55:08 nirgal dhcpd: Copyright 2004-2012 Internet Systems Consortium.
Oct 15 08:55:08 nirgal dhcpd: All rights reserved.
Oct 15 08:55:08 nirgal dhcpd: For info, please visit https://www.isc.org/software/dhcp/
Oct 15 08:55:08 nirgal dhcpd: Wrote 0 leases to leases file.
Oct 15 08:55:08 nirgal dhcpd: 
Oct 15 08:55:08 nirgal dhcpd: Not configured to listen on any interfaces!
Oct 15 08:55:08 nirgal dhcpd: Internet Systems Consortium DHCP Server 4.2.4
Oct 15 08:55:08 nirgal dhcpd: Copyright 2004-2012 Internet Systems Consortium.
Oct 15 08:55:08 nirgal dhcpd: All rights reserved.
Oct 15 08:55:08 nirgal dhcpd: For info, please visit https://www.isc.org/software/dhcp/
Oct 15 08:55:08 nirgal dhcpd: Internet Systems Consortium DHCP Server 4.2.4
Oct 15 08:55:08 nirgal dhcpd: Copyright 2004-2012 Internet Systems Consortium.
Oct 15 08:55:08 nirgal dhcpd: All rights reserved.
Oct 15 08:55:08 nirgal dhcpd: For info, please visit https://www.isc.org/software/dhcp/
Oct 15 08:55:08 nirgal dhcpd: Wrote 0 leases to leases file.
Oct 15 08:55:09 nirgal dhcpd: 
Oct 15 08:55:09 nirgal dhcpd: Not configured to listen on any interfaces!
Oct 15 08:55:10 nirgal NetworkManager[1228]: <info> NetworkManager (version 0.9.8.0) is starting...
Oct 15 08:55:10 nirgal NetworkManager[1228]: <info> Read config file /etc/NetworkManager/NetworkManager.conf
Oct 15 08:55:10 nirgal NetworkManager[1228]: <info> WEXT support is enabled
Oct 15 08:55:10 nirgal NetworkManager[1228]: <info> VPN: loaded org.freedesktop.NetworkManager.pptp
Oct 15 08:55:10 nirgal dbus[1012]: [system] Activating service name='org.freedesktop.PolicyKit1' (using servicehelper)
Oct 15 08:55:10 nirgal modem-manager[1036]: <info>  Loaded plugin 'MotoC'
Oct 15 08:55:10 nirgal modem-manager[1036]: <info>  Loaded plugin 'Longcheer'
Oct 15 08:55:10 nirgal modem-manager[1036]: <info>  Loaded plugin 'Huawei'
Oct 15 08:55:10 nirgal modem-manager[1036]: <info>  Loaded plugin 'Option'
Oct 15 08:55:10 nirgal modem-manager[1036]: <info>  Loaded plugin 'Wavecom'
Oct 15 08:55:10 nirgal modem-manager[1036]: <info>  Loaded plugin 'Linktop'
Oct 15 08:55:10 nirgal modem-manager[1036]: <info>  Loaded plugin 'AnyData'
Oct 15 08:55:10 nirgal modem-manager[1036]: <info>  Loaded plugin 'SimTech'
Oct 15 08:55:10 nirgal modem-manager[1036]: <info>  Loaded plugin 'Ericsson MBM'
Oct 15 08:55:10 nirgal modem-manager[1036]: <info>  Loaded plugin 'Samsung'
Oct 15 08:55:10 nirgal modem-manager[1036]: <info>  Loaded plugin 'Sierra'
Oct 15 08:55:10 nirgal modem-manager[1036]: <info>  Loaded plugin 'X22X'
Oct 15 08:55:10 nirgal modem-manager[1036]: <info>  Loaded plugin 'Nokia'
Oct 15 08:55:10 nirgal modem-manager[1036]: <info>  Loaded plugin 'Novatel'
Oct 15 08:55:10 nirgal modem-manager[1036]: <info>  Loaded plugin 'Option High-Speed'
Oct 15 08:55:10 nirgal modem-manager[1036]: <info>  Loaded plugin 'Gobi'
Oct 15 08:55:10 nirgal modem-manager[1036]: <info>  Loaded plugin 'ZTE'
Oct 15 08:55:10 nirgal modem-manager[1036]: <info>  Loaded plugin 'Iridium'
Oct 15 08:55:10 nirgal modem-manager[1036]: <info>  Loaded plugin 'Cinterion'
Oct 15 08:55:10 nirgal modem-manager[1036]: <info>  Loaded plugin 'Generic'
Oct 15 08:55:10 nirgal modem-manager[1036]: <info>  Successfully loaded 20 plugins
Oct 15 08:55:10 nirgal modem-manager[1036]: <info>  (ttyS4) opening serial port...
Oct 15 08:55:11 nirgal acpid: client connected from 1145[0:0]
Oct 15 08:55:11 nirgal acpid: 1 client rule loaded
Oct 15 08:55:11 nirgal dbus[1012]: [system] Activating service name='org.freedesktop.ColorManager' (using servicehelper)
Oct 15 08:55:12 nirgal colord: Using config file /etc/colord.conf
Oct 15 08:55:12 nirgal colord: Using mapping database file /var/lib/colord/mapping.db
Oct 15 08:55:12 nirgal polkitd[1232]: started daemon version 0.105 using authority implementation `local' version `0.105'
Oct 15 08:55:12 nirgal dbus[1012]: [system] Successfully activated service 'org.freedesktop.PolicyKit1'
Oct 15 08:55:12 nirgal NetworkManager[1228]:    SCPlugin-Ifupdown: init!
Oct 15 08:55:12 nirgal NetworkManager[1228]:    SCPlugin-Ifupdown: update_system_hostname
Oct 15 08:55:12 nirgal NetworkManager[1228]:    SCPluginIfupdown: management mode: unmanaged
Oct 15 08:55:12 nirgal NetworkManager[1228]:    SCPlugin-Ifupdown: devices added (path: /sys/devices/pci0000:00/0000:00:19.0/net/eth0, iface: eth0)
Oct 15 08:55:12 nirgal NetworkManager[1228]:    SCPlugin-Ifupdown: device added (path: /sys/devices/pci0000:00/0000:00:19.0/net/eth0, iface: eth0): no ifupdown configuration found.
Oct 15 08:55:12 nirgal NetworkManager[1228]:    SCPlugin-Ifupdown: devices added (path: /sys/devices/pci0000:00/0000:00:1e.0/0000:03:02.0/net/wlan0, iface: wlan0)
Oct 15 08:55:12 nirgal NetworkManager[1228]:    SCPlugin-Ifupdown: device added (path: /sys/devices/pci0000:00/0000:00:1e.0/0000:03:02.0/net/wlan0, iface: wlan0): no ifupdown configuration found.
Oct 15 08:55:12 nirgal NetworkManager[1228]:    SCPlugin-Ifupdown: devices added (path: /sys/devices/virtual/net/lo, iface: lo)
Oct 15 08:55:12 nirgal NetworkManager[1228]:    SCPlugin-Ifupdown: device added (path: /sys/devices/virtual/net/lo, iface: lo): no ifupdown configuration found.
Oct 15 08:55:12 nirgal NetworkManager[1228]:    SCPlugin-Ifupdown: end _init.
Oct 15 08:55:12 nirgal NetworkManager[1228]: <info> Loaded plugin ifupdown: (C) 2008 Canonical Ltd.  To report bugs please use the NetworkManager mailing list.
Oct 15 08:55:12 nirgal NetworkManager[1228]: <info> Loaded plugin keyfile: (c) 2007 - 2010 Red Hat, Inc.  To report bugs please use the NetworkManager mailing list.
Oct 15 08:55:12 nirgal NetworkManager[1228]:    Ifupdown: get unmanaged devices count: 0
Oct 15 08:55:12 nirgal NetworkManager[1228]:    SCPlugin-Ifupdown: (-1249892472) ... get_connections.
Oct 15 08:55:12 nirgal NetworkManager[1228]:    SCPlugin-Ifupdown: (-1249892472) ... get_connections (managed=false): return empty list.
Oct 15 08:55:12 nirgal colord: Using device database file /var/lib/colord/storage.db
Oct 15 08:55:12 nirgal NetworkManager[1228]:    keyfile: parsing nirgal ... 
Oct 15 08:55:12 nirgal colord: loaded plugin libcd_plugin_scanner.so
Oct 15 08:55:12 nirgal NetworkManager[1228]:    keyfile:     read connection 'nirgal'
Oct 15 08:55:12 nirgal NetworkManager[1228]:    keyfile: parsing Wired connection 1 ... 
Oct 15 08:55:12 nirgal colord: loaded plugin libcd_plugin_camera.so
Oct 15 08:55:12 nirgal colord: plugin /usr/lib/colord-plugins/libcd_plugin_sane.so not loaded: plugin refused to load
Oct 15 08:55:12 nirgal colord: Daemon ready for requests
Oct 15 08:55:12 nirgal dbus[1012]: [system] Successfully activated service 'org.freedesktop.ColorManager'
Oct 15 08:55:12 nirgal NetworkManager[1228]: keyfile: ipv4.addresses1: Deprecated semicolon at the end of value.
Oct 15 08:55:12 nirgal NetworkManager[1228]: keyfile: ipv4.addresses1: address 10.1.140.151/16 gateway 10.1.0.1
Oct 15 08:55:12 nirgal NetworkManager[1228]:    keyfile:     read connection 'Wired connection 1'
Oct 15 08:55:12 nirgal NetworkManager[1228]:    keyfile: parsing Auto Noah's Wi-Fi Network ... 
Oct 15 08:55:12 nirgal NetworkManager[1228]:    keyfile:     read connection 'Auto Noah's Wi-Fi Network'
Oct 15 08:55:12 nirgal NetworkManager[1228]:    Ifupdown: get unmanaged devices count: 0
Oct 15 08:55:12 nirgal NetworkManager[1228]: <info> modem-manager is now available
Oct 15 08:55:12 nirgal NetworkManager[1228]: <info> monitoring kernel firmware directory '/lib/firmware'.
Oct 15 08:55:12 nirgal NetworkManager[1228]: <info> rfkill0: found WiFi radio killswitch (at /sys/devices/pci0000:00/0000:00:1e.0/0000:03:02.0/ieee80211/phy0/rfkill0) (driver rt2500pci)
Oct 15 08:55:12 nirgal NetworkManager[1228]: <info> WiFi hardware radio set disabled
Oct 15 08:55:12 nirgal NetworkManager[1228]: <info> WiFi enabled by radio killswitch; disabled by state file
Oct 15 08:55:12 nirgal NetworkManager[1228]: <info> WWAN enabled by radio killswitch; enabled by state file
Oct 15 08:55:12 nirgal NetworkManager[1228]: <info> WiMAX enabled by radio killswitch; enabled by state file
Oct 15 08:55:12 nirgal NetworkManager[1228]: <info> Networking is enabled by state file
Oct 15 08:55:12 nirgal NetworkManager[1228]: <warn> failed to allocate link cache: (-10) Operation not supported
Oct 15 08:55:12 nirgal NetworkManager[1228]: <info> (eth0): carrier is OFF
Oct 15 08:55:12 nirgal NetworkManager[1228]: <info> (eth0): new Ethernet device (driver: 'e1000e' ifindex: 2)
Oct 15 08:55:12 nirgal NetworkManager[1228]: <info> (eth0): exported as /org/freedesktop/NetworkManager/Devices/0
Oct 15 08:55:12 nirgal NetworkManager[1228]: <info> (eth0): device state change: unmanaged -> unavailable (reason 'managed') [10 20 2]
Oct 15 08:55:12 nirgal NetworkManager[1228]: <info> (eth0): bringing up device.
Oct 15 08:55:13 nirgal kernel: [   29.244730] e1000e 0000:00:19.0: irq 41 for MSI/MSI-X
Oct 15 08:55:13 nirgal NetworkManager[1228]: <info> (eth0): preparing device.
Oct 15 08:55:13 nirgal NetworkManager[1228]: <info> (eth0): deactivating device (reason 'managed') [2]
Oct 15 08:55:13 nirgal NetworkManager[1228]: <info> (wlan0): using nl80211 for WiFi device control
Oct 15 08:55:13 nirgal NetworkManager[1228]: <info> (wlan0): driver supports Access Point (AP) mode
Oct 15 08:55:13 nirgal NetworkManager[1228]: <info> (wlan0): new 802.11 WiFi device (driver: 'rt2500pci' ifindex: 3)
Oct 15 08:55:13 nirgal NetworkManager[1228]: <info> (wlan0): exported as /org/freedesktop/NetworkManager/Devices/1
Oct 15 08:55:13 nirgal NetworkManager[1228]: <info> (wlan0): device state change: unmanaged -> unavailable (reason 'managed') [10 20 2]
Oct 15 08:55:13 nirgal NetworkManager[1228]: <info> (wlan0): bringing up device.
Oct 15 08:55:13 nirgal NetworkManager[1228]: <info> (wlan0): deactivating device (reason 'managed') [2]
Oct 15 08:55:13 nirgal NetworkManager[1228]: <warn> /sys/devices/virtual/net/lo: couldn't determine device driver; ignoring...
Oct 15 08:55:13 nirgal NetworkManager[1228]: <warn> /sys/devices/virtual/net/lo: couldn't determine device driver; ignoring...
Oct 15 08:55:13 nirgal NetworkManager[1228]: <info> WiFi now disabled by radio killswitch
Oct 15 08:55:13 nirgal kernel: [   29.348650] e1000e 0000:00:19.0: irq 41 for MSI/MSI-X
Oct 15 08:55:13 nirgal kernel: [   29.348834] IPv6: ADDRCONF(NETDEV_UP): eth0: link is not ready
Oct 15 08:55:13 nirgal kernel: [   29.349119] IPv6: ADDRCONF(NETDEV_UP): eth0: link is not ready
Oct 15 08:55:13 nirgal kernel: [   29.350104] IPv6: ADDRCONF(NETDEV_UP): wlan0: link is not ready
Oct 15 08:55:13 nirgal colord: Profile added: icc-07000710072007300740075007600770
Oct 15 08:55:13 nirgal colord: Profile added: icc-d3ee37ff47fcdf614fb5cb62fb3e16a7
Oct 15 08:55:13 nirgal colord: Profile added: icc-de6232cfa581f3ce8c9c2548f3ac308f
Oct 15 08:55:13 nirgal colord: Profile added: icc-f844a65e79050c828a5f8381a0798e49
Oct 15 08:55:13 nirgal colord: Profile added: icc-068a2ad86446468c029a0d55c061e46c
Oct 15 08:55:13 nirgal colord: Profile added: icc-adb5ebe2a14b98599a170cd3ab54fe76
Oct 15 08:55:13 nirgal colord: Profile added: icc-612c87ff43ce187a724c1c4354428d5c
Oct 15 08:55:13 nirgal colord: Profile added: icc-709099b11b3ec2828a314682a3c09f75
Oct 15 08:55:13 nirgal colord: Profile added: icc-29f7c3bb18648f967e9cc450f5b0821e
Oct 15 08:55:13 nirgal colord: Profile added: icc-0ef971da00dac3a46e0c86550c54d5ad
Oct 15 08:55:13 nirgal colord: Profile added: icc-819072bc37e0ea0042b6c3b28ce8da1a
Oct 15 08:55:13 nirgal colord: Profile added: icc-aaa3a8cf35289974339049bc4cff354d
Oct 15 08:55:13 nirgal colord: Profile added: icc-c191d7b963b91ae51c83722957430c9c
Oct 15 08:55:13 nirgal colord: Profile added: icc-798efa4314bbd0274499de21fdf4ee5e
Oct 15 08:55:13 nirgal colord: Profile added: icc-9282466ab15c12d62ce889610bc427bd
Oct 15 08:55:13 nirgal colord: Profile added: icc-ea21dae0f2e604aba058541c1972b7f1
Oct 15 08:55:13 nirgal colord: Profile added: icc-ae0f19a77ff01ea1932ef5fd9609ef9d
Oct 15 08:55:13 nirgal colord: Profile added: icc-b8009c7e612e5ed5ddbd42dcb6eb349c
Oct 15 08:55:13 nirgal colord: Profile added: icc-e7ecfce2d984c9f0c90f4ef1cdc9ac7e
Oct 15 08:55:13 nirgal colord: Profile added: icc-578e8c43d0440cff3239ced4417c691a
Oct 15 08:55:13 nirgal colord: Profile added: icc-cecd8af52a99dfe8b57b9cd0f4e41ab0
Oct 15 08:55:13 nirgal colord: Profile added: icc-f5cf9cb1331928471dbcd67d7229aff5
Oct 15 08:55:13 nirgal colord: Profile added: icc-6590422afc1260c68d531b8de865eda1
Oct 15 08:55:13 nirgal colord: Profile added: icc-e1818e5a6f09a1cf9984b3752d306ff5
Oct 15 08:55:13 nirgal colord: Profile added: icc-14c5ddbb0abd000deb198c68bb185dc3
Oct 15 08:55:13 nirgal colord: Profile added: icc-296f10aadb0eba217aa824dc712c8a07
Oct 15 08:55:13 nirgal colord: Profile added: icc-f3e0aad931efae878c9eba9125dc758f
Oct 15 08:55:13 nirgal colord: Profile added: icc-186b88621ed8da652865e3e84836f85b
Oct 15 08:55:14 nirgal colord: Profile added: icc-1a00a956a836388ae20968e84f57d211
Oct 15 08:55:14 nirgal colord: Profile added: icc-b0ddeb99aea00b3e6527017fe5b73803
Oct 15 08:55:14 nirgal colord: Profile added: icc-40e2a2d10e23e2777853990e7c80dbd6
Oct 15 08:55:14 nirgal /etc/mysql/debian-start[1297]: Upgrading MySQL tables if necessary.
Oct 15 08:55:14 nirgal colord: Profile added: icc-a71f743c68b0bf74d37a601835ca05cf
Oct 15 08:55:14 nirgal colord: Profile added: icc-c90203802db7875c010cf0875c3ecac1
Oct 15 08:55:14 nirgal colord: Profile added: icc-7834e9a71bb75c472c56859940927dec
Oct 15 08:55:14 nirgal NetworkManager[1228]: <info> (eth0): carrier now ON (device state 20)
Oct 15 08:55:14 nirgal NetworkManager[1228]: <info> (eth0): device state change: unavailable -> disconnected (reason 'carrier-changed') [20 30 40]
Oct 15 08:55:14 nirgal NetworkManager[1228]: <info> Auto-activating connection 'Wired connection 1'.
Oct 15 08:55:14 nirgal NetworkManager[1228]: <info> Activation (eth0) starting connection 'Wired connection 1'
